ARM Linker, 5.03 [Build 76] [MDK-ARM Lite]

==============================================================================

Section Cross References

    main.o(.text) refers to _printf_percent.o(.ARM.Collect$$_printf_percent$$00000000) for _printf_percent
    main.o(.text) refers to _printf_f.o(.ARM.Collect$$_printf_percent$$00000003) for _printf_f
    main.o(.text) refers to printf1.o(x$fpl$printf1) for _printf_fp_dec
    main.o(.text) refers to temp.o(.text) for init_ADC
    main.o(.text) refers to daddsub_clz.o(x$fpl$dadd) for __aeabi_dadd
    main.o(.text) refers to ddiv.o(x$fpl$ddiv) for __aeabi_ddiv
    main.o(.text) refers to queue.o(.text) for xQueueGenericSend
    main.o(.text) refers to usart.o(.text) for init_USART1
    main.o(.text) refers to noretval__2sprintf.o(.text) for __2sprintf
    main.o(.text) refers to tasks.o(.text) for xTaskGenericCreate
    main.o(.text) refers to main.o(.data) for tempQueue
    temp.o(.text) refers to stm32f4xx_adc.o(.text) for ADC_DeInit
    temp.o(.text) refers to stm32f4xx_rcc.o(.text) for RCC_APB2PeriphClockCmd
    temp.o(.text) refers to dflt_clz.o(x$fpl$dfltu) for __aeabi_ui2d
    temp.o(.text) refers to dmul.o(x$fpl$dmul) for __aeabi_dmul
    temp.o(.text) refers to ddiv.o(x$fpl$ddiv) for __aeabi_ddiv
    temp.o(.text) refers to daddsub_clz.o(x$fpl$dsub) for __aeabi_dsub
    usart.o(.text) refers to stm32f4xx_rcc.o(.text) for RCC_APB2PeriphClockCmd
    usart.o(.text) refers to stm32f4xx_gpio.o(.text) for GPIO_Init
    usart.o(.text) refers to stm32f4xx_usart.o(.text) for USART_Init
    usart.o(.text) refers to misc.o(.text) for NVIC_Init
    croutine.o(.text) refers to list.o(.text) for vListInitialise
    croutine.o(.text) refers to heap_2.o(.text) for pvPortMalloc
    croutine.o(.text) refers to port.o(.emb_text) for ulPortSetInterruptMask
    croutine.o(.text) refers to tasks.o(.text) for xTaskGetTickCount
    croutine.o(.text) refers to croutine.o(.bss) for pxReadyCoRoutineLists
    croutine.o(.text) refers to croutine.o(.data) for pxDelayedCoRoutineList
    event_groups.o(.text) refers to heap_2.o(.text) for pvPortMalloc
    event_groups.o(.text) refers to list.o(.text) for vListInitialise
    event_groups.o(.text) refers to port.o(.emb_text) for ulPortSetInterruptMask
    event_groups.o(.text) refers to tasks.o(.text) for vTaskSuspendAll
    event_groups.o(.text) refers to port.o(.text) for vPortYield
    queue.o(.text) refers to port.o(.emb_text) for ulPortSetInterruptMask
    queue.o(.text) refers to port.o(.text) for vPortEnterCritical
    queue.o(.text) refers to tasks.o(.text) for xTaskRemoveFromEventList
    queue.o(.text) refers to list.o(.text) for vListInitialise
    queue.o(.text) refers to heap_2.o(.text) for pvPortMalloc
    queue.o(.text) refers to rt_memcpy_v6.o(.text) for __aeabi_memcpy
    queue.o(.text) refers to queue.o(.bss) for xQueueRegistry
    tasks.o(.text) refers to list.o(.text) for vListInitialise
    tasks.o(.text) refers to heap_2.o(.text) for pvPortMalloc
    tasks.o(.text) refers to aeabi_memset.o(.text) for __aeabi_memset
    tasks.o(.text) refers to port.o(.emb_text) for ulPortSetInterruptMask
    tasks.o(.text) refers to port.o(.text) for pxPortInitialiseStack
    tasks.o(.text) refers to tasks.o(.bss) for pxReadyTasksLists
    tasks.o(.text) refers to tasks.o(.data) for pxDelayedTaskList
    tasks.o(.text) refers to timers.o(.text) for xTimerCreateTimerTask
    timers.o(.text) refers to list.o(.text) for vListInsert
    timers.o(.text) refers to tasks.o(.text) for xTaskGetSchedulerState
    timers.o(.text) refers to queue.o(.text) for xQueueGenericSend
    timers.o(.text) refers to port.o(.emb_text) for ulPortSetInterruptMask
    timers.o(.text) refers to heap_2.o(.text) for vPortFree
    timers.o(.text) refers to port.o(.text) for vPortYield
    timers.o(.text) refers to timers.o(.data) for pxOverflowTimerList
    timers.o(.text) refers to timers.o(.bss) for xActiveTimerList1
    heap_2.o(.text) refers to tasks.o(.text) for vTaskSuspendAll
    heap_2.o(.text) refers to heap_2.o(.bss) for ucHeap
    heap_2.o(.text) refers to heap_2.o(.data) for xStart
    port.o(.emb_text) refers to tasks.o(.text) for vTaskSwitchContext
    port.o(.emb_text) refers to tasks.o(.data) for pxCurrentTCB
    port.o(.text) refers to port.o(.emb_text) for ulPortSetInterruptMask
    port.o(.text) refers to tasks.o(.text) for xTaskIncrementTick
    port.o(.text) refers to port.o(.data) for uxCriticalNesting
    port.o(.text) refers to system_stm32f4xx.o(.data) for SystemCoreClock
    stm32f4xx_adc.o(.text) refers to stm32f4xx_rcc.o(.text) for RCC_APB2PeriphResetCmd
    stm32f4xx_can.o(.text) refers to stm32f4xx_rcc.o(.text) for RCC_APB1PeriphResetCmd
    stm32f4xx_cryp.o(.text) refers to stm32f4xx_rcc.o(.text) for RCC_AHB2PeriphResetCmd
    stm32f4xx_cryp_aes.o(.text) refers to stm32f4xx_cryp.o(.text) for CRYP_KeyStructInit
    stm32f4xx_cryp_des.o(.text) refers to stm32f4xx_cryp.o(.text) for CRYP_KeyStructInit
[...]
    StdPeriphDrivers\\STM32F4xx_StdPeriph_Driver\\src\\stm32f4xx_cryp_tdes.c 0x00000000   Number         0  stm32f4xx_cryp_tdes.o ABSOLUTE
    StdPeriphDrivers\\STM32F4xx_StdPeriph_Driver\\src\\stm32f4xx_dac.c 0x00000000   Number         0  stm32f4xx_dac.o ABSOLUTE
    StdPeriphDrivers\\STM32F4xx_StdPeriph_Driver\\src\\stm32f4xx_dbgmcu.c 0x00000000   Number         0  stm32f4xx_dbgmcu.o ABSOLUTE
    StdPeriphDrivers\\STM32F4xx_StdPeriph_Driver\\src\\stm32f4xx_dcmi.c 0x00000000   Number         0  stm32f4xx_dcmi.o ABSOLUTE
    StdPeriphDrivers\\STM32F4xx_StdPeriph_Driver\\src\\stm32f4xx_dma.c 0x00000000   Number         0  stm32f4xx_dma.o ABSOLUTE
    StdPeriphDrivers\\STM32F4xx_StdPeriph_Driver\\src\\stm32f4xx_dma2d.c 0x00000000   Number         0  stm32f4xx_dma2d.o ABSOLUTE
    StdPeriphDrivers\\STM32F4xx_StdPeriph_Driver\\src\\stm32f4xx_exti.c 0x00000000   Number         0  stm32f4xx_exti.o ABSOLUTE
    StdPeriphDrivers\\STM32F4xx_StdPeriph_Driver\\src\\stm32f4xx_flash.c 0x00000000   Number         0  stm32f4xx_flash.o ABSOLUTE
    StdPeriphDrivers\\STM32F4xx_StdPeriph_Driver\\src\\stm32f4xx_flash_ramfunc.c 0x00000000   Number         0  stm32f4xx_flash_ramfunc.o ABSOLUTE
    StdPeriphDrivers\\STM32F4xx_StdPeriph_Driver\\src\\stm32f4xx_gpio.c 0x00000000   Number         0  stm32f4xx_gpio.o ABSOLUTE
    StdPeriphDrivers\\STM32F4xx_StdPeriph_Driver\\src\\stm32f4xx_hash.c 0x00000000   Number         0  stm32f4xx_hash.o ABSOLUTE
    StdPeriphDrivers\\STM32F4xx_StdPeriph_Driver\\src\\stm32f4xx_hash_md5.c 0x00000000   Number         0  stm32f4xx_hash_md5.o ABSOLUTE
    StdPeriphDrivers\\STM32F4xx_StdPeriph_Driver\\src\\stm32f4xx_hash_sha1.c 0x00000000   Number         0  stm32f4xx_hash_sha1.o ABSOLUTE
    StdPeriphDrivers\\STM32F4xx_StdPeriph_Driver\\src\\stm32f4xx_i2c.c 0x00000000   Number         0  stm32f4xx_i2c.o ABSOLUTE
    StdPeriphDrivers\\STM32F4xx_StdPeriph_Driver\\src\\stm32f4xx_iwdg.c 0x00000000   Number         0  stm32f4xx_iwdg.o ABSOLUTE
    StdPeriphDrivers\\STM32F4xx_StdPeriph_Driver\\src\\stm32f4xx_ltdc.c 0x00000000   Number         0  stm32f4xx_ltdc.o ABSOLUTE
    StdPeriphDrivers\\STM32F4xx_StdPeriph_Driver\\src\\stm32f4xx_pwr.c 0x00000000   Number         0  stm32f4xx_pwr.o ABSOLUTE
    StdPeriphDrivers\\STM32F4xx_StdPeriph_Driver\\src\\stm32f4xx_rcc.c 0x00000000   Number         0  stm32f4xx_rcc.o ABSOLUTE
    StdPeriphDrivers\\STM32F4xx_StdPeriph_Driver\\src\\stm32f4xx_rng.c 0x00000000   Number         0  stm32f4xx_rng.o ABSOLUTE
    StdPeriphDrivers\\STM32F4xx_StdPeriph_Driver\\src\\stm32f4xx_rtc.c 0x00000000   Number         0  stm32f4xx_rtc.o ABSOLUTE
    StdPeriphDrivers\\STM32F4xx_StdPeriph_Driver\\src\\stm32f4xx_sai.c 0x00000000   Number         0  stm32f4xx_sai.o ABSOLUTE
    StdPeriphDrivers\\STM32F4xx_StdPeriph_Driver\\src\\stm32f4xx_sdio.c 0x00000000   Number         0  stm32f4xx_sdio.o ABSOLUTE
    StdPeriphDrivers\\STM32F4xx_StdPeriph_Driver\\src\\stm32f4xx_spi.c 0x00000000   Number         0  stm32f4xx_spi.o ABSOLUTE
    StdPeriphDrivers\\STM32F4xx_StdPeriph_Driver\\src\\stm32f4xx_syscfg.c 0x00000000   Number         0  stm32f4xx_syscfg.o ABSOLUTE
    StdPeriphDrivers\\STM32F4xx_StdPeriph_Driver\\src\\stm32f4xx_tim.c 0x00000000   Number         0  stm32f4xx_tim.o ABSOLUTE
    StdPeriphDrivers\\STM32F4xx_StdPeriph_Driver\\src\\stm32f4xx_usart.c 0x00000000   Number         0  stm32f4xx_usart.o ABSOLUTE
    StdPeriphDrivers\\STM32F4xx_StdPeriph_Driver\\src\\stm32f4xx_wwdg.c 0x00000000   Number         0  stm32f4xx_wwdg.o ABSOLUTE
    dc.s                                     0x00000000   Number         0  dc.o ABSOLUTE
    RESET                                    0x08000000   Section      392  startup_stm32f40_41xxx.o(RESET)
    !!!main                                  0x08000188   Section        8  __main.o(!!!main)
    !!!scatter                               0x08000190   Section       52  __scatter.o(!!!scatter)
    !!handler_copy                           0x080001c4   Section       26  __scatter_copy.o(!!handler_copy)
    !!handler_zi                             0x080001e0   Section       28  __scatter_zi.o(!!handler_zi)
    .ARM.Collect$$_printf_percent$$00000000  0x080001fc   Section        0  _printf_percent.o(.ARM.Collect$$_printf_percent$$00000000)
    .ARM.Collect$$_printf_percent$$00000003  0x080001fc   Section        6  _printf_f.o(.ARM.Collect$$_printf_percent$$00000003)
    .ARM.Collect$$_printf_percent$$00000017  0x08000202   Section        4  _printf_percent_end.o(.ARM.Collect$$_printf_percent$$00000017)
    .ARM.Collect$$libinit$$00000000          0x08000206   Section        2  libinit.o(.ARM.Collect$$libinit$$00000000)
    .ARM.Collect$$libinit$$00000001          0x08000208   Section        4  libinit2.o(.ARM.Collect$$libinit$$00000001)
    .ARM.Collect$$libinit$$00000008          0x0800020c   Section        0  libinit2.o(.ARM.Collect$$libinit$$00000008)
    .ARM.Collect$$libinit$$0000000A          0x0800020c   Section        0  libinit2.o(.ARM.Collect$$libinit$$0000000A)
    .ARM.Collect$$libinit$$0000000C          0x0800020c   Section        0  libinit2.o(.ARM.Collect$$libinit$$0000000C)
    .ARM.Collect$$libinit$$0000000D          0x0800020c   Section        6  libinit2.o(.ARM.Collect$$libinit$$0000000D)
    .ARM.Collect$$libinit$$0000000F          0x08000212   Section        0  libinit2.o(.ARM.Collect$$libinit$$0000000F)
    .ARM.Collect$$libinit$$00000011          0x08000212   Section        0  libinit2.o(.ARM.Collect$$libinit$$00000011)
    .ARM.Collect$$libinit$$00000013          0x08000212   Section        0  libinit2.o(.ARM.Collect$$libinit$$00000013)
    .ARM.Collect$$libinit$$00000014          0x08000212   Section       10  libinit2.o(.ARM.Collect$$libinit$$00000014)
    .ARM.Collect$$libinit$$00000015          0x0800021c   Section        0  libinit2.o(.ARM.Collect$$libinit$$00000015)
    .ARM.Collect$$libinit$$00000017          0x0800021c   Section        0  libinit2.o(.ARM.Collect$$libinit$$00000017)
    .ARM.Collect$$libinit$$00000019          0x0800021c   Section        0  libinit2.o(.ARM.Collect$$libinit$$00000019)
    .ARM.Collect$$libinit$$0000001B          0x0800021c   Section        0  libinit2.o(.ARM.Collect$$libinit$$0000001B)
    .ARM.Collect$$libinit$$0000001D          0x0800021c   Section        0  libinit2.o(.ARM.Collect$$libinit$$0000001D)
    .ARM.Collect$$libinit$$0000001F          0x0800021c   Section        0  libinit2.o(.ARM.Collect$$libinit$$0000001F)
    .ARM.Collect$$libinit$$00000021          0x0800021c   Section        0  libinit2.o(.ARM.Collect$$libinit$$00000021)
    .ARM.Collect$$libinit$$00000023          0x0800021c   Section        0  libinit2.o(.ARM.Collect$$libinit$$00000023)
    .ARM.Collect$$libinit$$0000002A          0x0800021c   Section        0  libinit2.o(.ARM.Collect$$libinit$$0000002A)
    .ARM.Collect$$libinit$$0000002C          0x0800021c   Section        0  libinit2.o(.ARM.Collect$$libinit$$0000002C)
    .ARM.Collect$$libinit$$0000002E          0x0800021c   Section        0  libinit2.o(.ARM.Collect$$libinit$$0000002E)
    .ARM.Collect$$libinit$$00000030          0x0800021c   Section        0  libinit2.o(.ARM.Collect$$libinit$$00000030)
    .ARM.Collect$$libinit$$00000031          0x0800021c   Section        2  libinit2.o(.ARM.Collect$$libinit$$00000031)
    .ARM.Collect$$libshutdown$$00000000      0x0800021e   Section        2  libshutdown.o(.ARM.Collect$$libshutdown$$00000000)
    .ARM.Collect$$libshutdown$$00000003      0x08000220   Section        0  libshutdown2.o(.ARM.Collect$$libshutdown$$00000003)
    .ARM.Collect$$libshutdown$$00000006      0x08000220   Section        0  libshutdown2.o(.ARM.Collect$$libshutdown$$00000006)
    .ARM.Collect$$libshutdown$$00000009      0x08000220   Section        0  libshutdown2.o(.ARM.Collect$$libshutdown$$00000009)
    .ARM.Collect$$libshutdown$$0000000B      0x08000220   Section        0  libshutdown2.o(.ARM.Collect$$libshutdown$$0000000B)
    .ARM.Collect$$libshutdown$$0000000E      0x08000220   Section        0  libshutdown2.o(.ARM.Collect$$libshutdown$$0000000E)
    .ARM.Collect$$libshutdown$$0000000F      0x08000220   Section        2  libshutdown2.o(.ARM.Collect$$libshutdown$$0000000F)
    .ARM.Collect$$rtentry$$00000000          0x08000222   Section        0  rtentry.o(.ARM.Collect$$rtentry$$00000000)
    .ARM.Collect$$rtentry$$00000002          0x08000222   Section        0  rtentry2.o(.ARM.Collect$$rtentry$$00000002)
    .ARM.Collect$$rtentry$$00000004          0x08000222   Section        6  rtentry4.o(.ARM.Collect$$rtentry$$00000004)
    .ARM.Collect$$rtentry$$00000009          0x08000228   Section        0  rtentry2.o(.ARM.Collect$$rtentry$$00000009)
    .ARM.Collect$$rtentry$$0000000A          0x08000228   Section        4  rtentry2.o(.ARM.Collect$$rtentry$$0000000A)
    .ARM.Collect$$rtentry$$0000000C          0x0800022c   Section        0  rtentry2.o(.ARM.Collect$$rtentry$$0000000C)
    .ARM.Collect$$rtentry$$0000000D          0x0800022c   Section        8  rtentry2.o(.ARM.Collect$$rtentry$$0000000D)
    .ARM.Collect$$rtexit$$00000000           0x08000234   Section        2  rtexit.o(.ARM.Collect$$rtexit$$00000000)
    .ARM.Collect$$rtexit$$00000002           0x08000236   Section        0  rtexit2.o(.ARM.Collect$$rtexit$$00000002)
    .ARM.Collect$$rtexit$$00000003           0x08000236   Section        4  rtexit2.o(.ARM.Collect$$rtexit$$00000003)
    .ARM.Collect$$rtexit$$00000004           0x0800023a   Section        6  rtexit2.o(.ARM.Collect$$rtexit$$00000004)
    .emb_text                                0x08000240   Section      202  port.o(.emb_text)
    $v0                                      0x08000240   Number         0  port.o(.emb_text)
    .text                                    0x0800030c   Section        0  main.o(.text)
    .text                                    0x08000478   Section        0  temp.o(.text)
    .text                                    0x080005fc   Section        0  usart.o(.text)
    .text                                    0x080006f0   Section        0  list.o(.text)
    .text                                    0x08000784   Section        0  queue.o(.text)
    prvUnlockQueue                           0x08000859   Thumb Code   126  queue.o(.text)
    prvIsQueueFull                           0x080008d7   Thumb Code    30  queue.o(.text)
    prvCopyDataToQueue                       0x080008f5   Thumb Code   128  queue.o(.text)
    prvIsQueueEmpty                          0x08000b43   Thumb Code    26  queue.o(.text)
    prvCopyDataFromQueue                     0x08000b5d   Thumb Code    42  queue.o(.text)
    .text                                    0x08001050   Section        0  tasks.o(.text)
    prvInitialiseTaskLists                   0x08001051   Thumb Code    70  tasks.o(.text)
    prvInitialiseTCBVariables                0x08001097   Thumb Code    90  tasks.o(.text)
    prvAllocateTCBAndStack                   0x080010f1   Thumb Code    58  tasks.o(.text)
    prvResetNextTaskUnblockTime              0x0800124b   Thumb Code    42  tasks.o(.text)
    prvAddCurrentTaskToDelayedList           0x0800153f   Thumb Code    62  tasks.o(.text)
    prvTaskIsTaskSuspended                   0x080018ed   Thumb Code    68  tasks.o(.text)
    prvDeleteTCB                             0x08001a17   Thumb Code    18  tasks.o(.text)
    prvCheckTasksWaitingTermination          0x08001a29   Thumb Code    86  tasks.o(.text)
    prvIdleTask                              0x08001a7f   Thumb Code    20  tasks.o(.text)
    prvTaskCheckFreeStackSpace               0x08001b21   Thumb Code    22  tasks.o(.text)
    prvListTaskWithinSingleList              0x08001b37   Thumb Code   176  tasks.o(.text)
    .text                                    0x08002118   Section        0  timers.o(.text)
    prvInsertTimerInActiveList               0x08002119   Thumb Code    80  timers.o(.text)
    prvSwitchTimerLists                      0x080021cf   Thumb Code   136  timers.o(.text)
    prvSampleTimeNow                         0x08002257   Thumb Code    40  timers.o(.text)
    prvProcessReceivedCommands               0x0800227f   Thumb Code   216  timers.o(.text)
    prvProcessExpiredTimer                   0x08002357   Thumb Code    82  timers.o(.text)
    prvProcessTimerOrBlockTask               0x080023a9   Thumb Code    70  timers.o(.text)
    prvGetNextExpireTime                     0x080023ef   Thumb Code    36  timers.o(.text)
    prvTimerTask                             0x08002413   Thumb Code    26  timers.o(.text)
    prvCheckForValidListAndQueue             0x0800242d   Thumb Code    86  timers.o(.text)
    .text                                    0x0800256c   Section        0  heap_2.o(.text)
    prvHeapInit                              0x0800256d   Thumb Code    42  heap_2.o(.text)
    .text                                    0x08002690   Section        0  port.o(.text)
    prvTaskExitError                         0x08002691   Thumb Code    32  port.o(.text)
    .text                                    0x080028b0   Section        0  misc.o(.text)
    .text                                    0x08002994   Section        0  stm32f4xx_adc.o(.text)
    .text                                    0x08002e04   Section        0  stm32f4xx_gpio.o(.text)
    .text                                    0x08003098   Section        0  stm32f4xx_rcc.o(.text)
    .text                                    0x080036f4   Section        0  stm32f4xx_usart.o(.text)
    .text                                    0x08003b48   Section       64  startup_stm32f40_41xxx.o(.text)
    $v0                                      0x08003b48   Number         0  startup_stm32f40_41xxx.o(.text)
    .text                                    0x08003b88   Section        0  system_stm32f4xx.o(.text)
    SetSysClock                              0x08003b89   Thumb Code   218  system_stm32f4xx.o(.text)
    .text                                    0x08003d94   Section        0  noretval__2sprintf.o(.text)
    .text                                    0x08003dbc   Section        0  __printf.o(.text)
    .text                                    0x08003e24   Section      138  rt_memcpy_v6.o(.text)
    .text                                    0x08003eae   Section       16  aeabi_memset.o(.text)
    .text                                    0x08003ebe   Section        0  heapauxi.o(.text)
    .text                                    0x08003ec4   Section        0  _printf_fp_dec.o(.text)
    _fp_digits                               0x08003ec7   Thumb Code   426  _printf_fp_dec.o(.text)
    .text                                    0x080042e4   Section        0  _printf_char_common.o(.text)
    _printf_input_char                       0x080042e5   Thumb Code    10  _printf_char_common.o(.text)
    .text                                    0x08004314   Section        0  _sputc.o(.text)
    .text                                    0x0800431e   Section      100  rt_memcpy_w.o(.text)
    .text                                    0x08004382   Section       68  rt_memclr.o(.text)
    .text                                    0x080043c8   Section        8  rt_locale_intlibspace.o(.text)
    .text                                    0x080043d0   Section      138  lludiv10.o(.text)
    .text                                    0x0800445c   Section        0  _printf_fp_infnan.o(.text)
    .text                                    0x080044dc   Section        0  bigflt0.o(.text)
    .text                                    0x080045c0   Section       78  rt_memclr_w.o(.text)
    .text                                    0x08004610   Section        8  libspace.o(.text)
    .text                                    0x08004618   Section       74  sys_stackheap_outer.o(.text)
    .text                                    0x08004662   Section        0  exit.o(.text)
    .text                                    0x08004670   Section      128  strcmpv7m.o(.text)
    .text                                    0x080046f0   Section        0  sys_exit.o(.text)
    .text                                    0x080046fc   Section        2  use_no_semi.o(.text)
    .text                                    0x080046fe   Section        0  indicate_semi.o(.text)
    CL$$btod_d2e                             0x080046fe   Section       62  btod.o(CL$$btod_d2e)
    CL$$btod_d2e_denorm_low                  0x0800473c   Section       70  btod.o(CL$$btod_d2e_denorm_low)
    CL$$btod_d2e_norm_op1                    0x08004782   Section       96  btod.o(CL$$btod_d2e_norm_op1)
    CL$$btod_div_common                      0x080047e2   Section      824  btod.o(CL$$btod_div_common)
    CL$$btod_e2e                             0x08004b1a   Section      198  btod.o(CL$$btod_e2e)
    CL$$btod_ediv                            0x08004be0   Section       40  btod.o(CL$$btod_ediv)
    CL$$btod_emul                            0x08004c08   Section       40  btod.o(CL$$btod_emul)
    CL$$btod_mult_common                     0x08004c30   Section      580  btod.o(CL$$btod_mult_common)
    i.__ARM_fpclassify                       0x08004e74   Section        0  fpclassify.o(i.__ARM_fpclassify)
    locale$$code                             0x08004ea4   Section       44  lc_numeric_c.o(locale$$code)
    x$fpl$dadd                               0x08004ed0   Section      336  daddsub_clz.o(x$fpl$dadd)
    $v0                                      0x08004ed0   Number         0  daddsub_clz.o(x$fpl$dadd)
    _dadd1                                   0x08004ee1   Thumb Code     0  daddsub_clz.o(x$fpl$dadd)
    x$fpl$ddiv                               0x08005020   Section      688  ddiv.o(x$fpl$ddiv)
    $v0                                      0x08005020   Number         0  ddiv.o(x$fpl$ddiv)
    ddiv_entry                               0x08005027   Thumb Code     0  ddiv.o(x$fpl$ddiv)
    x$fpl$dfltu                              0x080052d0   Section       38  dflt_clz.o(x$fpl$dfltu)
    $v0                                      0x080052d0   Number         0  dflt_clz.o(x$fpl$dfltu)
    x$fpl$dmul                               0x080052f8   Section      340  dmul.o(x$fpl$dmul)
    $v0                                      0x080052f8   Number         0  dmul.o(x$fpl$dmul)
    x$fpl$dnaninf                            0x0800544c   Section      156  dnaninf.o(x$fpl$dnaninf)
    $v0                                      0x0800544c   Number         0  dnaninf.o(x$fpl$dnaninf)
    x$fpl$dretinf                            0x080054e8   Section       12  dretinf.o(x$fpl$dretinf)
    $v0                                      0x080054e8   Number         0  dretinf.o(x$fpl$dretinf)
    x$fpl$dsub                               0x080054f4   Section      468  daddsub_clz.o(x$fpl$dsub)
    $v0                                      0x080054f4   Number         0  daddsub_clz.o(x$fpl$dsub)
    _dsub1                                   0x08005505   Thumb Code     0  daddsub_clz.o(x$fpl$dsub)
    x$fpl$fpinit                             0x080056c8   Section       10  fpinit.o(x$fpl$fpinit)
    $v0                                      0x080056c8   Number         0  fpinit.o(x$fpl$fpinit)
    x$fpl$printf1                            0x080056d2   Section        4  printf1.o(x$fpl$printf1)
    $v0                                      0x080056d2   Number         0  printf1.o(x$fpl$printf1)
    x$fpl$usenofp                            0x080056d6   Section        0  usenofp.o(x$fpl$usenofp)
    .constdata                               0x080056d8   Section      148  bigflt0.o(.constdata)
    tenpwrs_x                                0x080056d8   Data          60  bigflt0.o(.constdata)
    tenpwrs_i                                0x08005714   Data          64  bigflt0.o(.constdata)
    locale$$data                             0x0800578c   Section       28  lc_numeric_c.o(locale$$data)
    __lcnum_c_name                           0x08005790   Data           2  lc_numeric_c.o(locale$$data)
    __lcnum_c_start                          0x08005798   Data           0  lc_numeric_c.o(locale$$data)
    __lcnum_c_point                          0x080057a4   Data           0  lc_numeric_c.o(locale$$data)
    __lcnum_c_thousands                      0x080057a6   Data           0  lc_numeric_c.o(locale$$data)
    __lcnum_c_grouping                       0x080057a7   Data           0  lc_numeric_c.o(locale$$data)
    __lcnum_c_end                            0x080057a8   Data           0  lc_numeric_c.o(locale$$data)
    .data                                    0x20000000   Section        4  main.o(.data)
    .data                                    0x20000004   Section       56  tasks.o(.data)
    uxTasksDeleted                           0x20000008   Data           4  tasks.o(.data)
    uxCurrentNumberOfTasks                   0x2000000c   Data           4  tasks.o(.data)
    xTickCount                               0x20000010   Data           4  tasks.o(.data)
    uxTopReadyPriority                       0x20000014   Data           4  tasks.o(.data)
    xSchedulerRunning                        0x20000018   Data           4  tasks.o(.data)
    uxPendedTicks                            0x2000001c   Data           4  tasks.o(.data)
    xYieldPending                            0x20000020   Data           4  tasks.o(.data)
    xNumOfOverflows                          0x20000024   Data           4  tasks.o(.data)
    uxTaskNumber                             0x20000028   Data           4  tasks.o(.data)
    xNextTaskUnblockTime                     0x2000002c   Data           4  tasks.o(.data)
    uxSchedulerSuspended                     0x20000030   Data           4  tasks.o(.data)
    pxDelayedTaskList                        0x20000034   Data           4  tasks.o(.data)
    pxOverflowDelayedTaskList                0x20000038   Data           4  tasks.o(.data)
    .data                                    0x2000003c   Section       16  timers.o(.data)
    xTimerQueue                              0x2000003c   Data           4  timers.o(.data)
    xLastTime                                0x20000040   Data           4  timers.o(.data)
    pxCurrentTimerList                       0x20000044   Data           4  timers.o(.data)
    pxOverflowTimerList                      0x20000048   Data           4  timers.o(.data)
    .data                                    0x2000004c   Section       24  heap_2.o(.data)
    xFreeBytesRemaining                      0x2000004c   Data           4  heap_2.o(.data)
    xHeapHasBeenInitialised                  0x20000050   Data           4  heap_2.o(.data)
    xStart                                   0x20000054   Data           8  heap_2.o(.data)
    xEnd                                     0x2000005c   Data           8  heap_2.o(.data)
    .data                                    0x20000064   Section       12  port.o(.data)
    uxCriticalNesting                        0x20000064   Data           4  port.o(.data)
    ucMaxSysCallPriority                     0x20000068   Data           1  port.o(.data)
    ulMaxPRIGROUPValue                       0x2000006c   Data           4  port.o(.data)
    .data                                    0x20000070   Section       16  stm32f4xx_rcc.o(.data)
    APBAHBPrescTable                         0x20000070   Data          16  stm32f4xx_rcc.o(.data)
    .data                                    0x20000080   Section       20  system_stm32f4xx.o(.data)
    .bss                                     0x20000094   Section       64  queue.o(.bss)
    .bss                                     0x200000d4   Section      200  tasks.o(.bss)
    pxReadyTasksLists                        0x200000d4   Data         100  tasks.o(.bss)
    xDelayedTaskList1                        0x20000138   Data          20  tasks.o(.bss)
    xDelayedTaskList2                        0x2000014c   Data          20  tasks.o(.bss)
    xPendingReadyList                        0x20000160   Data          20  tasks.o(.bss)
    xTasksWaitingTermination                 0x20000174   Data          20  tasks.o(.bss)
    xSuspendedTaskList                       0x20000188   Data          20  tasks.o(.bss)
    .bss                                     0x2000019c   Section       40  timers.o(.bss)
    xActiveTimerList1                        0x2000019c   Data          20  timers.o(.bss)
    xActiveTimerList2                        0x200001b0   Data          20  timers.o(.bss)
    .bss                                     0x200001c4   Section    22800  heap_2.o(.bss)
    ucHeap                                   0x200001c4   Data       22800  heap_2.o(.bss)
    .bss                                     0x20005ad4   Section       96  libspace.o(.bss)
    HEAP                                     0x20005b38   Section      512  startup_stm32f40_41xxx.o(HEAP)
    Heap_Mem                                 0x20005b38   Data         512  startup_stm32f40_41xxx.o(HEAP)
    STACK                                    0x20005d38   Section     1024  startup_stm32f40_41xxx.o(STACK)
    Stack_Mem                                0x20005d38   Data        1024  startup_stm32f40_41xxx.o(STACK)
    __initial_sp                             0x20006138   Data           0  startup_stm32f40_41xxx.o(STACK)

    Global Symbols

    Symbol Name                              Value     Ov Type        Size  Object(Section)

    BuildAttributes$$THM_ISAv4$E$P$D$K$B$S$7EM$VFPi3$EXTD16$VFPS$VFMA$PE$A:L22UL41UL21$X:L11$S22US41US21$IEEE1$IW$USESV6$~STKCKD$USESV7$~SHL$OTIME$ROPI$IEEEJ$EBA8$UX$STANDARDLIB$REQ8$PRES8$EABIv2 0x00000000   Number         0  anon$$obj.o ABSOLUTE
    __ARM_use_no_argv                        0x00000000   Number         0  main.o ABSOLUTE
    __ARM_exceptions_init                     - Undefined Weak Reference
    __alloca_initialize                       - Undefined Weak Reference
    __cpp_initialize__aeabi_                  - Undefined Weak Reference
    __cxa_finalize                            - Undefined Weak Reference
    __sigvec_lookup                           - Undefined Weak Reference
    _atexit_init                              - Undefined Weak Reference
    _call_atexit_fns                          - Undefined Weak Reference
    _clock_init                               - Undefined Weak Reference
    _fp_trap_init                             - Undefined Weak Reference
    _fp_trap_shutdown                         - Undefined Weak Reference
    _get_lc_collate                           - Undefined Weak Reference
    _get_lc_ctype                             - Undefined Weak Reference
    _get_lc_monetary                          - Undefined Weak Reference
    _get_lc_time                              - Undefined Weak Reference
    _getenv_init                              - Undefined Weak Reference
    _handle_redirection                       - Undefined Weak Reference
    _init_alloc                               - Undefined Weak Reference
    _init_user_alloc                          - Undefined Weak Reference
    _initio                                   - Undefined Weak Reference
    _printf_post_padding                      - Undefined Weak Reference
    _printf_pre_padding                       - Undefined Weak Reference
    _rand_init                                - Undefined Weak Reference
    _signal_finish                            - Undefined Weak Reference
    _signal_init                              - Undefined Weak Reference
    _terminate_alloc                          - Undefined Weak Reference
    _terminate_user_alloc                     - Undefined Weak Reference
    _terminateio                              - Undefined Weak Reference
    __Vectors_Size                           0x00000188   Number         0  startup_stm32f40_41xxx.o ABSOLUTE
    __Vectors                                0x08000000   Data           4  startup_stm32f40_41xxx.o(RESET)
    __Vectors_End                            0x08000188   Data           0  startup_stm32f40_41xxx.o(RESET)
    __main                                   0x08000189   Thumb Code     8  __main.o(!!!main)
    __scatterload                            0x08000191   Thumb Code     0  __scatter.o(!!!scatter)
    __scatterload_rt2                        0x08000191   Thumb Code    44  __scatter.o(!!!scatter)
    __scatterload_rt2_thumb_only             0x08000191   Thumb Code     0  __scatter.o(!!!scatter)
    __scatterload_null                       0x0800019f   Thumb Code     0  __scatter.o(!!!scatter)
    __scatterload_copy                       0x080001c5   Thumb Code    26  __scatter_copy.o(!!handler_copy)
    __scatterload_zeroinit                   0x080001e1   Thumb Code    28  __scatter_zi.o(!!handler_zi)
    _printf_f                                0x080001fd   Thumb Code     0  _printf_f.o(.ARM.Collect$$_printf_percent$$00000003)
    _printf_percent                          0x080001fd   Thumb Code     0  _printf_percent.o(.ARM.Collect$$_printf_percent$$00000000)
    _printf_percent_end                      0x08000203   Thumb Code     0  _printf_percent_end.o(.ARM.Collect$$_printf_percent$$00000017)
    __rt_lib_init                            0x08000207   Thumb Code     0  libinit.o(.ARM.Collect$$libinit$$00000000)
    __rt_lib_init_fp_1                       0x08000209   Thumb Code     0  libinit2.o(.ARM.Collect$$libinit$$00000001)
    __rt_lib_init_heap_1                     0x0800020d   Thumb Code     0  libinit2.o(.ARM.Collect$$libinit$$00000008)
    __rt_lib_init_lc_common                  0x0800020d   Thumb Code     0  libinit2.o(.ARM.Collect$$libinit$$0000000D)
    __rt_lib_init_rand_1                     0x0800020d   Thumb Code     0  libinit2.o(.ARM.Collect$$libinit$$0000000C)
    __rt_lib_init_user_alloc_1               0x0800020d   Thumb Code     0  libinit2.o(.ARM.Collect$$libinit$$0000000A)
    __rt_lib_init_lc_collate_1               0x08000213   Thumb Code     0  libinit2.o(.ARM.Collect$$libinit$$0000000F)
    __rt_lib_init_lc_ctype_1                 0x08000213   Thumb Code     0  libinit2.o(.ARM.Collect$$libinit$$00000011)
    __rt_lib_init_lc_monetary_1              0x08000213   Thumb Code     0  libinit2.o(.ARM.Collect$$libinit$$00000013)
    __rt_lib_init_lc_numeric_2               0x08000213   Thumb Code     0  libinit2.o(.ARM.Collect$$libinit$$00000014)
    __rt_lib_init_alloca_1                   0x0800021d   Thumb Code     0  libinit2.o(.ARM.Collect$$libinit$$0000002C)
    __rt_lib_init_argv_1                     0x0800021d   Thumb Code     0  libinit2.o(.ARM.Collect$$libinit$$0000002A)
    __rt_lib_init_atexit_1                   0x0800021d   Thumb Code     0  libinit2.o(.ARM.Collect$$libinit$$00000019)
    __rt_lib_init_clock_1                    0x0800021d   Thumb Code     0  libinit2.o(.ARM.Collect$$libinit$$0000001F)
    __rt_lib_init_cpp_1                      0x0800021d   Thumb Code     0  libinit2.o(.ARM.Collect$$libinit$$00000030)
    __rt_lib_init_exceptions_1               0x0800021d   Thumb Code     0  libinit2.o(.ARM.Collect$$libinit$$0000002E)
    __rt_lib_init_fp_trap_1                  0x0800021d   Thumb Code     0  libinit2.o(.ARM.Collect$$libinit$$0000001D)
    __rt_lib_init_getenv_1                   0x0800021d   Thumb Code     0  libinit2.o(.ARM.Collect$$libinit$$00000021)
    __rt_lib_init_lc_numeric_1               0x0800021d   Thumb Code     0  libinit2.o(.ARM.Collect$$libinit$$00000015)
    __rt_lib_init_lc_time_1                  0x0800021d   Thumb Code     0  libinit2.o(.ARM.Collect$$libinit$$00000017)
    __rt_lib_init_return                     0x0800021d   Thumb Code     0  libinit2.o(.ARM.Collect$$libinit$$00000031)
    __rt_lib_init_signal_1                   0x0800021d   Thumb Code     0  libinit2.o(.ARM.Collect$$libinit$$0000001B)
    __rt_lib_init_stdio_1                    0x0800021d   Thumb Code     0  libinit2.o(.ARM.Collect$$libinit$$00000023)
    __rt_lib_shutdown                        0x0800021f   Thumb Code     0  libshutdown.o(.ARM.Collect$$libshutdown$$00000000)
    __rt_lib_shutdown_fp_trap_1              0x08000221   Thumb Code     0  libshutdown2.o(.ARM.Collect$$libshutdown$$00000006)
    __rt_lib_shutdown_heap_1                 0x08000221   Thumb Code     0  libshutdown2.o(.ARM.Collect$$libshutdown$$0000000E)
    __rt_lib_shutdown_return                 0x08000221   Thumb Code     0  libshutdown2.o(.ARM.Collect$$libshutdown$$0000000F)
    __rt_lib_shutdown_signal_1               0x08000221   Thumb Code     0  libshutdown2.o(.ARM.Collect$$libshutdown$$00000009)
    __rt_lib_shutdown_stdio_1                0x08000221   Thumb Code     0  libshutdown2.o(.ARM.Collect$$libshutdown$$00000003)
    __rt_lib_shutdown_user_alloc_1           0x08000221   Thumb Code     0  libshutdown2.o(.ARM.Collect$$libshutdown$$0000000B)
    __rt_entry                               0x08000223   Thumb Code     0  rtentry.o(.ARM.Collect$$rtentry$$00000000)
    __rt_entry_presh_1                       0x08000223   Thumb Code     0  rtentry2.o(.ARM.Collect$$rtentry$$00000002)
    __rt_entry_sh                            0x08000223   Thumb Code     0  rtentry4.o(.ARM.Collect$$rtentry$$00000004)
    __rt_entry_li                            0x08000229   Thumb Code     0  rtentry2.o(.ARM.Collect$$rtentry$$0000000A)
    __rt_entry_postsh_1                      0x08000229   Thumb Code     0  rtentry2.o(.ARM.Collect$$rtentry$$00000009)
    __rt_entry_main                          0x0800022d   Thumb Code     0  rtentry2.o(.ARM.Collect$$rtentry$$0000000D)
    __rt_entry_postli_1                      0x0800022d   Thumb Code     0  rtentry2.o(.ARM.Collect$$rtentry$$0000000C)
    __rt_exit                                0x08000235   Thumb Code     0  rtexit.o(.ARM.Collect$$rtexit$$00000000)
    __rt_exit_ls                             0x08000237   Thumb Code     0  rtexit2.o(.ARM.Collect$$rtexit$$00000003)
    __rt_exit_prels_1                        0x08000237   Thumb Code     0  rtexit2.o(.ARM.Collect$$rtexit$$00000002)
    __rt_exit_exit                           0x0800023b   Thumb Code     0  rtexit2.o(.ARM.Collect$$rtexit$$00000004)
    SVC_Handler                              0x08000241   Thumb Code    28  port.o(.emb_text)
    __asm___6_port_c_39a90d8d__prvStartFirstTask 0x08000261   Thumb Code    28  port.o(.emb_text)
    __asm___6_port_c_39a90d8d__prvEnableVFP  0x08000281   Thumb Code    16  port.o(.emb_text)
    PendSV_Handler                           0x08000295   Thumb Code    88  port.o(.emb_text)
    ulPortSetInterruptMask                   0x080002f1   Thumb Code    14  port.o(.emb_text)
    vPortClearInterruptMask                  0x080002ff   Thumb Code     6  port.o(.emb_text)
    vPortGetIPSR                             0x08000305   Thumb Code     6  port.o(.emb_text)
    delay                                    0x0800030d   Thumb Code    14  main.o(.text)
    calcAverageTemperature                   0x0800031b   Thumb Code   110  main.o(.text)
    sendTemperature                          0x08000389   Thumb Code    72  main.o(.text)
    main                                     0x080003d1   Thumb Code    78  main.o(.text)
    init_ADC                                 0x08000479   Thumb Code   104  temp.o(.text)
    get_temperature                          0x080004e1   Thumb Code   232  temp.o(.text)
    init_USART1                              0x080005fd   Thumb Code   162  usart.o(.text)
    USART_puts                               0x0800069f   Thumb Code    38  usart.o(.text)
    USART1_IRQHandler                        0x080006c5   Thumb Code    34  usart.o(.text)
    vListInitialise                          0x080006f1   Thumb Code    26  list.o(.text)
    vListInitialiseItem                      0x0800070b   Thumb Code     6  list.o(.text)
    vListInsertEnd                           0x08000711   Thumb Code    24  list.o(.text)
    vListInsert                              0x08000729   Thumb Code    52  list.o(.text)
    uxListRemove                             0x0800075d   Thumb Code    40  list.o(.text)
    xQueueGenericReset                       0x08000785   Thumb Code   120  queue.o(.text)
    xQueueGenericCreate                      0x080007fd   Thumb Code    92  queue.o(.text)
    xQueueGenericSend                        0x08000975   Thumb Code   318  queue.o(.text)
    xQueueCreateMutex                        0x08000ab3   Thumb Code    86  queue.o(.text)
    xQueueGiveMutexRecursive                 0x08000b09   Thumb Code    58  queue.o(.text)
    xQueueGenericReceive                     0x08000b87   Thumb Code   342  queue.o(.text)
    xQueueTakeMutexRecursive                 0x08000cdd   Thumb Code    70  queue.o(.text)
    xQueueCreateCountingSemaphore            0x08000d23   Thumb Code    74  queue.o(.text)
    xQueueGenericSendFromISR                 0x08000d6d   Thumb Code   180  queue.o(.text)
    xQueueReceiveFromISR                     0x08000e21   Thumb Code   136  queue.o(.text)
    xQueuePeekFromISR                        0x08000ea9   Thumb Code    90  queue.o(.text)
    uxQueueMessagesWaiting                   0x08000f03   Thumb Code    28  queue.o(.text)
    uxQueueSpacesAvailable                   0x08000f1f   Thumb Code    34  queue.o(.text)
    uxQueueMessagesWaitingFromISR            0x08000f41   Thumb Code    20  queue.o(.text)
    vQueueUnregisterQueue                    0x08000f55   Thumb Code    38  queue.o(.text)
    vQueueDelete                             0x08000f7b   Thumb Code    40  queue.o(.text)
    uxQueueGetQueueNumber                    0x08000fa3   Thumb Code     6  queue.o(.text)
    vQueueSetQueueNumber                     0x08000fa9   Thumb Code     4  queue.o(.text)
    ucQueueGetQueueType                      0x08000fad   Thumb Code     8  queue.o(.text)
    xQueueIsQueueEmptyFromISR                0x08000fb5   Thumb Code    28  queue.o(.text)
    xQueueIsQueueFullFromISR                 0x08000fd1   Thumb Code    32  queue.o(.text)
    vQueueAddToRegistry                      0x08000ff1   Thumb Code    38  queue.o(.text)
    vQueueWaitForMessageRestricted           0x08001017   Thumb Code    54  queue.o(.text)
    xTaskGenericCreate                       0x0800112b   Thumb Code   288  tasks.o(.text)
    vTaskDelete                              0x08001275   Thumb Code   160  tasks.o(.text)
    xTaskIncrementTick                       0x08001315   Thumb Code   272  tasks.o(.text)
    xTaskResumeAll                           0x08001425   Thumb Code   282  tasks.o(.text)
    vTaskSuspendAll                          0x0800157d   Thumb Code    12  tasks.o(.text)
    vTaskDelayUntil                          0x08001589   Thumb Code   176  tasks.o(.text)
    vTaskDelay                               0x08001639   Thumb Code    94  tasks.o(.text)
    uxTaskPriorityGet                        0x08001697   Thumb Code    30  tasks.o(.text)
    vTaskPrioritySet                         0x080016b5   Thumb Code   234  tasks.o(.text)
    vTaskSwitchContext                       0x0800179f   Thumb Code   106  tasks.o(.text)
    vTaskSuspend                             0x08001809   Thumb Code   228  tasks.o(.text)
    vTaskResume                              0x08001931   Thumb Code   104  tasks.o(.text)
    xTaskResumeFromISR                       0x08001999   Thumb Code   126  tasks.o(.text)
    vTaskStartScheduler                      0x08001a93   Thumb Code    74  tasks.o(.text)
    vTaskEndScheduler                        0x08001add   Thumb Code    18  tasks.o(.text)
    xTaskGetTickCount                        0x08001aef   Thumb Code    18  tasks.o(.text)
    xTaskGetTickCountFromISR                 0x08001b01   Thumb Code    26  tasks.o(.text)
    uxTaskGetNumberOfTasks                   0x08001b1b   Thumb Code     6  tasks.o(.text)
    uxTaskGetSystemState                     0x08001be7   Thumb Code   132  tasks.o(.text)
    vTaskPlaceOnEventList                    0x08001c6b   Thumb Code   162  tasks.o(.text)
    vTaskPlaceOnUnorderedEventList           0x08001d0d   Thumb Code   132  tasks.o(.text)
    vTaskPlaceOnEventListRestricted          0x08001d91   Thumb Code    76  tasks.o(.text)
    xTaskRemoveFromEventList                 0x08001ddd   Thumb Code   114  tasks.o(.text)
    xTaskRemoveFromUnorderedEventList        0x08001e4f   Thumb Code   126  tasks.o(.text)
    vTaskSetTimeOutState                     0x08001ecd   Thumb Code    28  tasks.o(.text)
    xTaskCheckForTimeOut                     0x08001ee9   Thumb Code   108  tasks.o(.text)
    vTaskMissedYield                         0x08001f55   Thumb Code     8  tasks.o(.text)
    uxTaskGetTaskNumber                      0x08001f5d   Thumb Code    14  tasks.o(.text)
    vTaskSetTaskNumber                       0x08001f6b   Thumb Code     8  tasks.o(.text)
    xTaskGetCurrentTaskHandle                0x08001f73   Thumb Code     6  tasks.o(.text)
    xTaskGetSchedulerState                   0x08001f79   Thumb Code    24  tasks.o(.text)
    vTaskPriorityInherit                     0x08001f91   Thumb Code   164  tasks.o(.text)
    xTaskPriorityDisinherit                  0x08002035   Thumb Code   136  tasks.o(.text)
    uxTaskResetEventItemValue                0x080020bd   Thumb Code    24  tasks.o(.text)
    pvTaskIncrementMutexHeldCount            0x080020d5   Thumb Code    68  tasks.o(.text)
    xTimerGenericCommand                     0x08002169   Thumb Code   102  timers.o(.text)
    xTimerCreateTimerTask                    0x08002483   Thumb Code    58  timers.o(.text)
    xTimerCreate                             0x080024bd   Thumb Code    80  timers.o(.text)
    pcTimerGetTimerName                      0x0800250d   Thumb Code     8  timers.o(.text)
    xTimerIsTimerActive                      0x08002515   Thumb Code    78  timers.o(.text)
    pvTimerGetTimerID                        0x08002563   Thumb Code     8  timers.o(.text)
    pvPortMalloc                             0x08002597   Thumb Code   166  heap_2.o(.text)
    vPortFree                                0x0800263d   Thumb Code    56  heap_2.o(.text)
    xPortGetFreeHeapSize                     0x08002675   Thumb Code     6  heap_2.o(.text)
    vPortInitialiseBlocks                    0x0800267b   Thumb Code     2  heap_2.o(.text)
    pxPortInitialiseStack                    0x080026b1   Thumb Code    34  port.o(.text)
    vPortSetupTimerInterrupt                 0x080026d3   Thumb Code    26  port.o(.text)
    xPortStartScheduler                      0x080026ed   Thumb Code   156  port.o(.text)
    vPortEndScheduler                        0x08002789   Thumb Code    30  port.o(.text)
    vPortYield                               0x080027a7   Thumb Code    20  port.o(.text)
    vPortEnterCritical                       0x080027bb   Thumb Code    62  port.o(.text)
    vPortExitCritical                        0x080027f9   Thumb Code    40  port.o(.text)
    SysTick_Handler                          0x08002821   Thumb Code    30  port.o(.text)
    vPortValidateInterruptPriority           0x0800283f   Thumb Code    82  port.o(.text)
    NVIC_PriorityGroupConfig                 0x080028b1   Thumb Code    10  misc.o(.text)
    NVIC_Init                                0x080028bb   Thumb Code   108  misc.o(.text)
    NVIC_SetVectorTable                      0x08002927   Thumb Code    14  misc.o(.text)
    NVIC_SystemLPConfig                      0x08002935   Thumb Code    34  misc.o(.text)
    SysTick_CLKSourceConfig                  0x08002957   Thumb Code    40  misc.o(.text)
    ADC_DeInit                               0x08002995   Thumb Code    22  stm32f4xx_adc.o(.text)
    ADC_Init                                 0x080029ab   Thumb Code    74  stm32f4xx_adc.o(.text)
    ADC_StructInit                           0x080029f5   Thumb Code    20  stm32f4xx_adc.o(.text)
    ADC_CommonInit                           0x08002a09   Thumb Code    44  stm32f4xx_adc.o(.text)
    ADC_CommonStructInit                     0x08002a35   Thumb Code    12  stm32f4xx_adc.o(.text)
    ADC_Cmd                                  0x08002a41   Thumb Code    22  stm32f4xx_adc.o(.text)
    ADC_AnalogWatchdogCmd                    0x08002a57   Thumb Code    16  stm32f4xx_adc.o(.text)
    ADC_AnalogWatchdogThresholdsConfig       0x08002a67   Thumb Code     6  stm32f4xx_adc.o(.text)
    ADC_AnalogWatchdogSingleChannelConfig    0x08002a6d   Thumb Code    16  stm32f4xx_adc.o(.text)
    ADC_TempSensorVrefintCmd                 0x08002a7d   Thumb Code    34  stm32f4xx_adc.o(.text)
    ADC_VBATCmd                              0x08002a9f   Thumb Code    34  stm32f4xx_adc.o(.text)
    ADC_RegularChannelConfig                 0x08002ac1   Thumb Code   184  stm32f4xx_adc.o(.text)
    ADC_SoftwareStartConv                    0x08002b79   Thumb Code    10  stm32f4xx_adc.o(.text)
    ADC_GetSoftwareStartConvStatus           0x08002b83   Thumb Code    20  stm32f4xx_adc.o(.text)
    ADC_EOCOnEachRegularChannelCmd           0x08002b97   Thumb Code    22  stm32f4xx_adc.o(.text)
    ADC_ContinuousModeCmd                    0x08002bad   Thumb Code    22  stm32f4xx_adc.o(.text)
    ADC_DiscModeChannelCountConfig           0x08002bc3   Thumb Code    24  stm32f4xx_adc.o(.text)
    ADC_DiscModeCmd                          0x08002bdb   Thumb Code    22  stm32f4xx_adc.o(.text)
    ADC_GetConversionValue                   0x08002bf1   Thumb Code     8  stm32f4xx_adc.o(.text)
    ADC_GetMultiModeConversionValue          0x08002bf9   Thumb Code     6  stm32f4xx_adc.o(.text)
    ADC_DMACmd                               0x08002bff   Thumb Code    22  stm32f4xx_adc.o(.text)
    ADC_DMARequestAfterLastTransferCmd       0x08002c15   Thumb Code    22  stm32f4xx_adc.o(.text)
    ADC_MultiModeDMARequestAfterLastTransferCmd 0x08002c2b   Thumb Code    34  stm32f4xx_adc.o(.text)
    ADC_InjectedChannelConfig                0x08002c4d   Thumb Code   130  stm32f4xx_adc.o(.text)
    ADC_InjectedSequencerLengthConfig        0x08002ccf   Thumb Code    24  stm32f4xx_adc.o(.text)
    ADC_SetInjectedOffset                    0x08002ce7   Thumb Code    20  stm32f4xx_adc.o(.text)
    ADC_ExternalTrigInjectedConvConfig       0x08002cfb   Thumb Code    16  stm32f4xx_adc.o(.text)
    ADC_ExternalTrigInjectedConvEdgeConfig   0x08002d0b   Thumb Code    16  stm32f4xx_adc.o(.text)
    ADC_SoftwareStartInjectedConv            0x08002d1b   Thumb Code    10  stm32f4xx_adc.o(.text)
    ADC_GetSoftwareStartInjectedConvCmdStatus 0x08002d25   Thumb Code    20  stm32f4xx_adc.o(.text)
    ADC_AutoInjectedConvCmd                  0x08002d39   Thumb Code    22  stm32f4xx_adc.o(.text)
    ADC_InjectedDiscModeCmd                  0x08002d4f   Thumb Code    22  stm32f4xx_adc.o(.text)
    ADC_GetInjectedConversionValue           0x08002d65   Thumb Code    28  stm32f4xx_adc.o(.text)
    ADC_ITConfig                             0x08002d81   Thumb Code    60  stm32f4xx_adc.o(.text)
    ADC_GetFlagStatus                        0x08002dbd   Thumb Code    18  stm32f4xx_adc.o(.text)
    ADC_ClearFlag                            0x08002dcf   Thumb Code     6  stm32f4xx_adc.o(.text)
    ADC_GetITStatus                          0x08002dd5   Thumb Code    38  stm32f4xx_adc.o(.text)
    ADC_ClearITPendingBit                    0x08002dfb   Thumb Code    10  stm32f4xx_adc.o(.text)
    GPIO_DeInit                              0x08002e05   Thumb Code   268  stm32f4xx_gpio.o(.text)
    GPIO_Init                                0x08002f11   Thumb Code   144  stm32f4xx_gpio.o(.text)
    GPIO_StructInit                          0x08002fa1   Thumb Code    18  stm32f4xx_gpio.o(.text)
    GPIO_PinLockConfig                       0x08002fb3   Thumb Code    34  stm32f4xx_gpio.o(.text)
    GPIO_ReadInputDataBit                    0x08002fd5   Thumb Code    18  stm32f4xx_gpio.o(.text)
    GPIO_ReadInputData                       0x08002fe7   Thumb Code     8  stm32f4xx_gpio.o(.text)
    GPIO_ReadOutputDataBit                   0x08002fef   Thumb Code    18  stm32f4xx_gpio.o(.text)
    GPIO_ReadOutputData                      0x08003001   Thumb Code     8  stm32f4xx_gpio.o(.text)
    GPIO_SetBits                             0x08003009   Thumb Code     4  stm32f4xx_gpio.o(.text)
    GPIO_ResetBits                           0x0800300d   Thumb Code     4  stm32f4xx_gpio.o(.text)
    GPIO_WriteBit                            0x08003011   Thumb Code    10  stm32f4xx_gpio.o(.text)
    GPIO_Write                               0x0800301b   Thumb Code     4  stm32f4xx_gpio.o(.text)
    GPIO_ToggleBits                          0x0800301f   Thumb Code     8  stm32f4xx_gpio.o(.text)
    GPIO_PinAFConfig                         0x08003027   Thumb Code    70  stm32f4xx_gpio.o(.text)
    RCC_DeInit                               0x08003099   Thumb Code    82  stm32f4xx_rcc.o(.text)
    RCC_HSEConfig                            0x080030eb   Thumb Code    14  stm32f4xx_rcc.o(.text)
    RCC_GetFlagStatus                        0x080030f9   Thumb Code    60  stm32f4xx_rcc.o(.text)
    RCC_WaitForHSEStartUp                    0x08003135   Thumb Code    56  stm32f4xx_rcc.o(.text)
    RCC_AdjustHSICalibrationValue            0x0800316d   Thumb Code    20  stm32f4xx_rcc.o(.text)
    RCC_HSICmd                               0x08003181   Thumb Code     6  stm32f4xx_rcc.o(.text)
    RCC_LSEConfig                            0x08003187   Thumb Code    46  stm32f4xx_rcc.o(.text)
    RCC_LSICmd                               0x080031b5   Thumb Code     6  stm32f4xx_rcc.o(.text)
    RCC_PLLConfig                            0x080031bb   Thumb Code    32  stm32f4xx_rcc.o(.text)
    RCC_PLLCmd                               0x080031db   Thumb Code     6  stm32f4xx_rcc.o(.text)
    RCC_PLLI2SConfig                         0x080031e1   Thumb Code    14  stm32f4xx_rcc.o(.text)
    RCC_PLLI2SCmd                            0x080031ef   Thumb Code     6  stm32f4xx_rcc.o(.text)
    RCC_PLLSAIConfig                         0x080031f5   Thumb Code    20  stm32f4xx_rcc.o(.text)
    RCC_PLLSAICmd                            0x08003209   Thumb Code     6  stm32f4xx_rcc.o(.text)
    RCC_ClockSecuritySystemCmd               0x0800320f   Thumb Code     6  stm32f4xx_rcc.o(.text)
    RCC_MCO1Config                           0x08003215   Thumb Code    28  stm32f4xx_rcc.o(.text)
    RCC_MCO2Config                           0x08003231   Thumb Code    28  stm32f4xx_rcc.o(.text)
    RCC_SYSCLKConfig                         0x0800324d   Thumb Code    20  stm32f4xx_rcc.o(.text)
    RCC_GetSYSCLKSource                      0x08003261   Thumb Code    12  stm32f4xx_rcc.o(.text)
    RCC_HCLKConfig                           0x0800326d   Thumb Code    20  stm32f4xx_rcc.o(.text)
    RCC_PCLK1Config                          0x08003281   Thumb Code    20  stm32f4xx_rcc.o(.text)
    RCC_PCLK2Config                          0x08003295   Thumb Code    22  stm32f4xx_rcc.o(.text)
    RCC_GetClocksFreq                        0x080032ab   Thumb Code   222  stm32f4xx_rcc.o(.text)
    RCC_RTCCLKConfig                         0x08003389   Thumb Code    54  stm32f4xx_rcc.o(.text)
    RCC_RTCCLKCmd                            0x080033bf   Thumb Code     8  stm32f4xx_rcc.o(.text)
    RCC_BackupResetCmd                       0x080033c7   Thumb Code     8  stm32f4xx_rcc.o(.text)
    RCC_I2SCLKConfig                         0x080033cf   Thumb Code     6  stm32f4xx_rcc.o(.text)
    RCC_SAIPLLI2SClkDivConfig                0x080033d5   Thumb Code    26  stm32f4xx_rcc.o(.text)
    RCC_SAIPLLSAIClkDivConfig                0x080033ef   Thumb Code    28  stm32f4xx_rcc.o(.text)
    RCC_SAIBlockACLKConfig                   0x0800340b   Thumb Code    20  stm32f4xx_rcc.o(.text)
    RCC_SAIBlockBCLKConfig                   0x0800341f   Thumb Code    20  stm32f4xx_rcc.o(.text)
    RCC_LTDCCLKDivConfig                     0x08003433   Thumb Code    20  stm32f4xx_rcc.o(.text)
    RCC_TIMCLKPresConfig                     0x08003447   Thumb Code     6  stm32f4xx_rcc.o(.text)
    RCC_AHB1PeriphClockCmd                   0x0800344d   Thumb Code    34  stm32f4xx_rcc.o(.text)
    RCC_AHB2PeriphClockCmd                   0x0800346f   Thumb Code    78  stm32f4xx_rcc.o(.text)
    RCC_AHB3PeriphClockCmd                   0x080034bd   Thumb Code    34  stm32f4xx_rcc.o(.text)
    RCC_APB1PeriphClockCmd                   0x080034df   Thumb Code    34  stm32f4xx_rcc.o(.text)
    RCC_APB2PeriphClockCmd                   0x08003501   Thumb Code    34  stm32f4xx_rcc.o(.text)
    RCC_AHB1PeriphResetCmd                   0x08003523   Thumb Code    34  stm32f4xx_rcc.o(.text)
    RCC_AHB2PeriphResetCmd                   0x08003545   Thumb Code    34  stm32f4xx_rcc.o(.text)
    RCC_AHB3PeriphResetCmd                   0x08003567   Thumb Code    34  stm32f4xx_rcc.o(.text)
    RCC_APB1PeriphResetCmd                   0x08003589   Thumb Code    34  stm32f4xx_rcc.o(.text)
    RCC_APB2PeriphResetCmd                   0x080035ab   Thumb Code    34  stm32f4xx_rcc.o(.text)
    RCC_AHB1PeriphClockLPModeCmd             0x080035cd   Thumb Code    34  stm32f4xx_rcc.o(.text)
    RCC_AHB2PeriphClockLPModeCmd             0x080035ef   Thumb Code    34  stm32f4xx_rcc.o(.text)
    RCC_AHB3PeriphClockLPModeCmd             0x08003611   Thumb Code    34  stm32f4xx_rcc.o(.text)
    RCC_APB1PeriphClockLPModeCmd             0x08003633   Thumb Code    34  stm32f4xx_rcc.o(.text)
    RCC_APB2PeriphClockLPModeCmd             0x08003655   Thumb Code    34  stm32f4xx_rcc.o(.text)
    RCC_LSEModeConfig                        0x08003677   Thumb Code    40  stm32f4xx_rcc.o(.text)
    RCC_ITConfig                             0x0800369f   Thumb Code    34  stm32f4xx_rcc.o(.text)
    RCC_ClearFlag                            0x080036c1   Thumb Code    18  stm32f4xx_rcc.o(.text)
    RCC_GetITStatus                          0x080036d3   Thumb Code    22  stm32f4xx_rcc.o(.text)
    RCC_ClearITPendingBit                    0x080036e9   Thumb Code     8  stm32f4xx_rcc.o(.text)
    USART_DeInit                             0x080036f5   Thumb Code   206  stm32f4xx_usart.o(.text)
    USART_Init                               0x080037c3   Thumb Code   204  stm32f4xx_usart.o(.text)
    USART_StructInit                         0x0800388f   Thumb Code    24  stm32f4xx_usart.o(.text)
    USART_ClockInit                          0x080038a7   Thumb Code    32  stm32f4xx_usart.o(.text)
    USART_ClockStructInit                    0x080038c7   Thumb Code    12  stm32f4xx_usart.o(.text)
    USART_Cmd                                0x080038d3   Thumb Code    24  stm32f4xx_usart.o(.text)
    USART_SetPrescaler                       0x080038eb   Thumb Code    16  stm32f4xx_usart.o(.text)
    USART_OverSampling8Cmd                   0x080038fb   Thumb Code    22  stm32f4xx_usart.o(.text)
    USART_OneBitMethodCmd                    0x08003911   Thumb Code    24  stm32f4xx_usart.o(.text)
    USART_SendData                           0x08003929   Thumb Code     8  stm32f4xx_usart.o(.text)
    USART_ReceiveData                        0x08003931   Thumb Code    10  stm32f4xx_usart.o(.text)
    USART_SetAddress                         0x0800393b   Thumb Code    18  stm32f4xx_usart.o(.text)
    USART_ReceiverWakeUpCmd                  0x0800394d   Thumb Code    24  stm32f4xx_usart.o(.text)
    USART_WakeUpConfig                       0x08003965   Thumb Code    18  stm32f4xx_usart.o(.text)
    USART_LINBreakDetectLengthConfig         0x08003977   Thumb Code    18  stm32f4xx_usart.o(.text)
    USART_LINCmd                             0x08003989   Thumb Code    24  stm32f4xx_usart.o(.text)
    USART_SendBreak                          0x080039a1   Thumb Code    10  stm32f4xx_usart.o(.text)
    USART_HalfDuplexCmd                      0x080039ab   Thumb Code    24  stm32f4xx_usart.o(.text)
    USART_SetGuardTime                       0x080039c3   Thumb Code    16  stm32f4xx_usart.o(.text)
    USART_SmartCardCmd                       0x080039d3   Thumb Code    24  stm32f4xx_usart.o(.text)
    USART_SmartCardNACKCmd                   0x080039eb   Thumb Code    24  stm32f4xx_usart.o(.text)
    USART_IrDAConfig                         0x08003a03   Thumb Code    18  stm32f4xx_usart.o(.text)
    USART_IrDACmd                            0x08003a15   Thumb Code    24  stm32f4xx_usart.o(.text)
    USART_DMACmd                             0x08003a2d   Thumb Code    18  stm32f4xx_usart.o(.text)
    USART_ITConfig                           0x08003a3f   Thumb Code    74  stm32f4xx_usart.o(.text)
    USART_GetFlagStatus                      0x08003a89   Thumb Code    26  stm32f4xx_usart.o(.text)
    USART_ClearFlag                          0x08003aa3   Thumb Code    18  stm32f4xx_usart.o(.text)
    USART_GetITStatus                        0x08003ab5   Thumb Code   118  stm32f4xx_usart.o(.text)
    USART_ClearITPendingBit                  0x08003b2b   Thumb Code    30  stm32f4xx_usart.o(.text)
    Reset_Handler                            0x08003b49   Thumb Code     8  startup_stm32f40_41xxx.o(.text)
    NMI_Handler                              0x08003b51   Thumb Code     2  startup_stm32f40_41xxx.o(.text)
    HardFault_Handler                        0x08003b53   Thumb Code     2  startup_stm32f40_41xxx.o(.text)
    MemManage_Handler                        0x08003b55   Thumb Code     2  startup_stm32f40_41xxx.o(.text)
    BusFault_Handler                         0x08003b57   Thumb Code     2  startup_stm32f40_41xxx.o(.text)
    UsageFault_Handler                       0x08003b59   Thumb Code     2  startup_stm32f40_41xxx.o(.text)
    DebugMon_Handler                         0x08003b5d   Thumb Code     2  startup_stm32f40_41xxx.o(.text)
    ADC_IRQHandler                           0x08003b63   Thumb Code     0  startup_stm32f40_41xxx.o(.text)
    CAN1_RX0_IRQHandler                      0x08003b63   Thumb Code     0  startup_stm32f40_41xxx.o(.text)
    CAN1_RX1_IRQHandler                      0x08003b63   Thumb Code     0  startup_stm32f40_41xxx.o(.text)
    CAN1_SCE_IRQHandler                      0x08003b63   Thumb Code     0  startup_stm32f40_41xxx.o(.text)
    CAN1_TX_IRQHandler                       0x08003b63   Thumb Code     0  startup_stm32f40_41xxx.o(.text)
    CAN2_RX0_IRQHandler                      0x08003b63   Thumb Code     0  startup_stm32f40_41xxx.o(.text)
    CAN2_RX1_IRQHandler                      0x08003b63   Thumb Code     0  startup_stm32f40_41xxx.o(.text)
    CAN2_SCE_IRQHandler                      0x08003b63   Thumb Code     0  startup_stm32f40_41xxx.o(.text)
    CAN2_TX_IRQHandler                       0x08003b63   Thumb Code     0  startup_stm32f40_41xxx.o(.text)
    CRYP_IRQHandler                          0x08003b63   Thumb Code     0  startup_stm32f40_41xxx.o(.text)
    DCMI_IRQHandler                          0x08003b63   Thumb Code     0  startup_stm32f40_41xxx.o(.text)
    DMA1_Stream0_IRQHandler                  0x08003b63   Thumb Code     0  startup_stm32f40_41xxx.o(.text)
    DMA1_Stream1_IRQHandler                  0x08003b63   Thumb Code     0  startup_stm32f40_41xxx.o(.text)
    DMA1_Stream2_IRQHandler                  0x08003b63   Thumb Code     0  startup_stm32f40_41xxx.o(.text)
    DMA1_Stream3_IRQHandler                  0x08003b63   Thumb Code     0  startup_stm32f40_41xxx.o(.text)
    DMA1_Stream4_IRQHandler                  0x08003b63   Thumb Code     0  startup_stm32f40_41xxx.o(.text)
    DMA1_Stream5_IRQHandler                  0x08003b63   Thumb Code     0  startup_stm32f40_41xxx.o(.text)
    DMA1_Stream6_IRQHandler                  0x08003b63   Thumb Code     0  startup_stm32f40_41xxx.o(.text)
    DMA1_Stream7_IRQHandler                  0x08003b63   Thumb Code     0  startup_stm32f40_41xxx.o(.text)
    DMA2_Stream0_IRQHandler                  0x08003b63   Thumb Code     0  startup_stm32f40_41xxx.o(.text)
    DMA2_Stream1_IRQHandler                  0x08003b63   Thumb Code     0  startup_stm32f40_41xxx.o(.text)
    DMA2_Stream2_IRQHandler                  0x08003b63   Thumb Code     0  startup_stm32f40_41xxx.o(.text)
    DMA2_Stream3_IRQHandler                  0x08003b63   Thumb Code     0  startup_stm32f40_41xxx.o(.text)
    DMA2_Stream4_IRQHandler                  0x08003b63   Thumb Code     0  startup_stm32f40_41xxx.o(.text)
    DMA2_Stream5_IRQHandler                  0x08003b63   Thumb Code     0  startup_stm32f40_41xxx.o(.text)
    DMA2_Stream6_IRQHandler                  0x08003b63   Thumb Code     0  startup_stm32f40_41xxx.o(.text)
    DMA2_Stream7_IRQHandler                  0x08003b63   Thumb Code     0  startup_stm32f40_41xxx.o(.text)
    ETH_IRQHandler                           0x08003b63   Thumb Code     0  startup_stm32f40_41xxx.o(.text)
    ETH_WKUP_IRQHandler                      0x08003b63   Thumb Code     0  startup_stm32f40_41xxx.o(.text)
    EXTI0_IRQHandler                         0x08003b63   Thumb Code     0  startup_stm32f40_41xxx.o(.text)
    EXTI15_10_IRQHandler                     0x08003b63   Thumb Code     0  startup_stm32f40_41xxx.o(.text)
    EXTI1_IRQHandler                         0x08003b63   Thumb Code     0  startup_stm32f40_41xxx.o(.text)
    EXTI2_IRQHandler                         0x08003b63   Thumb Code     0  startup_stm32f40_41xxx.o(.text)
    EXTI3_IRQHandler                         0x08003b63   Thumb Code     0  startup_stm32f40_41xxx.o(.text)
    EXTI4_IRQHandler                         0x08003b63   Thumb Code     0  startup_stm32f40_41xxx.o(.text)
    EXTI9_5_IRQHandler                       0x08003b63   Thumb Code     0  startup_stm32f40_41xxx.o(.text)
    FLASH_IRQHandler                         0x08003b63   Thumb Code     0  startup_stm32f40_41xxx.o(.text)
    FPU_IRQHandler                           0x08003b63   Thumb Code     0  startup_stm32f40_41xxx.o(.text)
    FSMC_IRQHandler                          0x08003b63   Thumb Code     0  startup_stm32f40_41xxx.o(.text)
    HASH_RNG_IRQHandler                      0x08003b63   Thumb Code     0  startup_stm32f40_41xxx.o(.text)
    I2C1_ER_IRQHandler                       0x08003b63   Thumb Code     0  startup_stm32f40_41xxx.o(.text)
    I2C1_EV_IRQHandler                       0x08003b63   Thumb Code     0  startup_stm32f40_41xxx.o(.text)
    I2C2_ER_IRQHandler                       0x08003b63   Thumb Code     0  startup_stm32f40_41xxx.o(.text)
    I2C2_EV_IRQHandler                       0x08003b63   Thumb Code     0  startup_stm32f40_41xxx.o(.text)
    I2C3_ER_IRQHandler                       0x08003b63   Thumb Code     0  startup_stm32f40_41xxx.o(.text)
    I2C3_EV_IRQHandler                       0x08003b63   Thumb Code     0  startup_stm32f40_41xxx.o(.text)
    OTG_FS_IRQHandler                        0x08003b63   Thumb Code     0  startup_stm32f40_41xxx.o(.text)
    OTG_FS_WKUP_IRQHandler                   0x08003b63   Thumb Code     0  startup_stm32f40_41xxx.o(.text)
    OTG_HS_EP1_IN_IRQHandler                 0x08003b63   Thumb Code     0  startup_stm32f40_41xxx.o(.text)
    OTG_HS_EP1_OUT_IRQHandler                0x08003b63   Thumb Code     0  startup_stm32f40_41xxx.o(.text)
    OTG_HS_IRQHandler                        0x08003b63   Thumb Code     0  startup_stm32f40_41xxx.o(.text)
    OTG_HS_WKUP_IRQHandler                   0x08003b63   Thumb Code     0  startup_stm32f40_41xxx.o(.text)
    PVD_IRQHandler                           0x08003b63   Thumb Code     0  startup_stm32f40_41xxx.o(.text)
    RCC_IRQHandler                           0x08003b63   Thumb Code     0  startup_stm32f40_41xxx.o(.text)
    RTC_Alarm_IRQHandler                     0x08003b63   Thumb Code     0  startup_stm32f40_41xxx.o(.text)
    RTC_WKUP_IRQHandler                      0x08003b63   Thumb Code     0  startup_stm32f40_41xxx.o(.text)
    SDIO_IRQHandler                          0x08003b63   Thumb Code     0  startup_stm32f40_41xxx.o(.text)
    SPI1_IRQHandler                          0x08003b63   Thumb Code     0  startup_stm32f40_41xxx.o(.text)
    SPI2_IRQHandler                          0x08003b63   Thumb Code     0  startup_stm32f40_41xxx.o(.text)
    SPI3_IRQHandler                          0x08003b63   Thumb Code     0  startup_stm32f40_41xxx.o(.text)
    TAMP_STAMP_IRQHandler                    0x08003b63   Thumb Code     0  startup_stm32f40_41xxx.o(.text)
    TIM1_BRK_TIM9_IRQHandler                 0x08003b63   Thumb Code     0  startup_stm32f40_41xxx.o(.text)
    TIM1_CC_IRQHandler                       0x08003b63   Thumb Code     0  startup_stm32f40_41xxx.o(.text)
    TIM1_TRG_COM_TIM11_IRQHandler            0x08003b63   Thumb Code     0  startup_stm32f40_41xxx.o(.text)
    TIM1_UP_TIM10_IRQHandler                 0x08003b63   Thumb Code     0  startup_stm32f40_41xxx.o(.text)
    TIM2_IRQHandler                          0x08003b63   Thumb Code     0  startup_stm32f40_41xxx.o(.text)
    TIM3_IRQHandler                          0x08003b63   Thumb Code     0  startup_stm32f40_41xxx.o(.text)
    TIM4_IRQHandler                          0x08003b63   Thumb Code     0  startup_stm32f40_41xxx.o(.text)
    TIM5_IRQHandler                          0x08003b63   Thumb Code     0  startup_stm32f40_41xxx.o(.text)
    TIM6_DAC_IRQHandler                      0x08003b63   Thumb Code     0  startup_stm32f40_41xxx.o(.text)
    TIM7_IRQHandler                          0x08003b63   Thumb Code     0  startup_stm32f40_41xxx.o(.text)
    TIM8_BRK_TIM12_IRQHandler                0x08003b63   Thumb Code     0  startup_stm32f40_41xxx.o(.text)
    TIM8_CC_IRQHandler                       0x08003b63   Thumb Code     0  startup_stm32f40_41xxx.o(.text)
    TIM8_TRG_COM_TIM14_IRQHandler            0x08003b63   Thumb Code     0  startup_stm32f40_41xxx.o(.text)
    TIM8_UP_TIM13_IRQHandler                 0x08003b63   Thumb Code     0  startup_stm32f40_41xxx.o(.text)
    UART4_IRQHandler                         0x08003b63   Thumb Code     0  startup_stm32f40_41xxx.o(.text)
    UART5_IRQHandler                         0x08003b63   Thumb Code     0  startup_stm32f40_41xxx.o(.text)
    USART2_IRQHandler                        0x08003b63   Thumb Code     0  startup_stm32f40_41xxx.o(.text)
    USART3_IRQHandler                        0x08003b63   Thumb Code     0  startup_stm32f40_41xxx.o(.text)
    USART6_IRQHandler                        0x08003b63   Thumb Code     0  startup_stm32f40_41xxx.o(.text)
    WWDG_IRQHandler                          0x08003b63   Thumb Code     0  startup_stm32f40_41xxx.o(.text)
    __user_initial_stackheap                 0x08003b65   Thumb Code     0  startup_stm32f40_41xxx.o(.text)
    SystemInit                               0x08003c63   Thumb Code    88  system_stm32f4xx.o(.text)
    SystemCoreClockUpdate                    0x08003cbb   Thumb Code   174  system_stm32f4xx.o(.text)
    __2sprintf                               0x08003d95   Thumb Code    34  noretval__2sprintf.o(.text)
    __printf                                 0x08003dbd   Thumb Code   104  __printf.o(.text)
    __aeabi_memcpy                           0x08003e25   Thumb Code     0  rt_memcpy_v6.o(.text)
    __rt_memcpy                              0x08003e25   Thumb Code   138  rt_memcpy_v6.o(.text)
    _memcpy_lastbytes                        0x08003e8b   Thumb Code     0  rt_memcpy_v6.o(.text)
    __aeabi_memset                           0x08003eaf   Thumb Code    16  aeabi_memset.o(.text)
    __use_two_region_memory                  0x08003ebf   Thumb Code     2  heapauxi.o(.text)
    __rt_heap_escrow$2region                 0x08003ec1   Thumb Code     2  heapauxi.o(.text)
    __rt_heap_expand$2region                 0x08003ec3   Thumb Code     2  heapauxi.o(.text)
    __lib_sel_fp_printf                      0x08003ec5   Thumb Code     2  _printf_fp_dec.o(.text)
    _printf_fp_dec_real                      0x08004071   Thumb Code   628  _printf_fp_dec.o(.text)
    _printf_char_common                      0x080042ef   Thumb Code    32  _printf_char_common.o(.text)
    _sputc                                   0x08004315   Thumb Code    10  _sputc.o(.text)
    __aeabi_memcpy4                          0x0800431f   Thumb Code     0  rt_memcpy_w.o(.text)
    __aeabi_memcpy8                          0x0800431f   Thumb Code     0  rt_memcpy_w.o(.text)
    __rt_memcpy_w                            0x0800431f   Thumb Code   100  rt_memcpy_w.o(.text)
    _memcpy_lastbytes_aligned                0x08004367   Thumb Code     0  rt_memcpy_w.o(.text)
    __aeabi_memclr                           0x08004383   Thumb Code     0  rt_memclr.o(.text)
    __rt_memclr                              0x08004383   Thumb Code    68  rt_memclr.o(.text)
    _memset                                  0x08004387   Thumb Code     0  rt_memclr.o(.text)
    __rt_locale                              0x080043c9   Thumb Code     8  rt_locale_intlibspace.o(.text)
    _ll_udiv10                               0x080043d1   Thumb Code   138  lludiv10.o(.text)
    _printf_fp_infnan                        0x0800445d   Thumb Code   112  _printf_fp_infnan.o(.text)
    _btod_etento                             0x080044dd   Thumb Code   222  bigflt0.o(.text)
    __aeabi_memclr4                          0x080045c1   Thumb Code     0  rt_memclr_w.o(.text)
    __aeabi_memclr8                          0x080045c1   Thumb Code     0  rt_memclr_w.o(.text)
    __rt_memclr_w                            0x080045c1   Thumb Code    78  rt_memclr_w.o(.text)
    _memset_w                                0x080045c5   Thumb Code     0  rt_memclr_w.o(.text)
    __user_libspace                          0x08004611   Thumb Code     8  libspace.o(.text)
    __user_perproc_libspace                  0x08004611   Thumb Code     0  libspace.o(.text)
    __user_perthread_libspace                0x08004611   Thumb Code     0  libspace.o(.text)
    __user_setup_stackheap                   0x08004619   Thumb Code    74  sys_stackheap_outer.o(.text)
    exit                                     0x08004663   Thumb Code    12  exit.o(.text)
    strcmp                                   0x08004671   Thumb Code   128  strcmpv7m.o(.text)
    _sys_exit                                0x080046f1   Thumb Code     8  sys_exit.o(.text)
    __I$use$semihosting                      0x080046fd   Thumb Code     0  use_no_semi.o(.text)
    __use_no_semihosting_swi                 0x080046fd   Thumb Code     2  use_no_semi.o(.text)
    __semihosting_library_function           0x080046ff   Thumb Code     0  indicate_semi.o(.text)
    _btod_d2e                                0x080046ff   Thumb Code    62  btod.o(CL$$btod_d2e)
    _d2e_denorm_low                          0x0800473d   Thumb Code    70  btod.o(CL$$btod_d2e_denorm_low)
    _d2e_norm_op1                            0x08004783   Thumb Code    96  btod.o(CL$$btod_d2e_norm_op1)
    __btod_div_common                        0x080047e3   Thumb Code   696  btod.o(CL$$btod_div_common)
    _e2e                                     0x08004b1b   Thumb Code   198  btod.o(CL$$btod_e2e)
    _btod_ediv                               0x08004be1   Thumb Code    40  btod.o(CL$$btod_ediv)
    _btod_emul                               0x08004c09   Thumb Code    40  btod.o(CL$$btod_emul)
    __btod_mult_common                       0x08004c31   Thumb Code   580  btod.o(CL$$btod_mult_common)
    __ARM_fpclassify                         0x08004e75   Thumb Code    48  fpclassify.o(i.__ARM_fpclassify)
    _get_lc_numeric                          0x08004ea5   Thumb Code    44  lc_numeric_c.o(locale$$code)
    __aeabi_dadd                             0x08004ed1   Thumb Code     0  daddsub_clz.o(x$fpl$dadd)
    _dadd                                    0x08004ed1   Thumb Code   332  daddsub_clz.o(x$fpl$dadd)
    __aeabi_ddiv                             0x08005021   Thumb Code     0  ddiv.o(x$fpl$ddiv)
    _ddiv                                    0x08005021   Thumb Code   552  ddiv.o(x$fpl$ddiv)
    __aeabi_ui2d                             0x080052d1   Thumb Code     0  dflt_clz.o(x$fpl$dfltu)
    _dfltu                                   0x080052d1   Thumb Code    38  dflt_clz.o(x$fpl$dfltu)
    __aeabi_dmul                             0x080052f9   Thumb Code     0  dmul.o(x$fpl$dmul)
    _dmul                                    0x080052f9   Thumb Code   332  dmul.o(x$fpl$dmul)
    __fpl_dnaninf                            0x0800544d   Thumb Code   156  dnaninf.o(x$fpl$dnaninf)
    __fpl_dretinf                            0x080054e9   Thumb Code    12  dretinf.o(x$fpl$dretinf)
    __aeabi_dsub                             0x080054f5   Thumb Code     0  daddsub_clz.o(x$fpl$dsub)
    _dsub                                    0x080054f5   Thumb Code   464  daddsub_clz.o(x$fpl$dsub)
    _fp_init                                 0x080056c9   Thumb Code    10  fpinit.o(x$fpl$fpinit)
    __fplib_config_fpu_vfp                   0x080056d1   Thumb Code     0  fpinit.o(x$fpl$fpinit)
    __fplib_config_pureend_doubles           0x080056d1   Thumb Code     0  fpinit.o(x$fpl$fpinit)
    _printf_fp_dec                           0x080056d3   Thumb Code     4  printf1.o(x$fpl$printf1)
    __I$use$fp                               0x080056d6   Number         0  usenofp.o(x$fpl$usenofp)
    Region$$Table$$Base                      0x0800576c   Number         0  anon$$obj.o(Region$$Table)
    Region$$Table$$Limit                     0x0800578c   Number         0  anon$$obj.o(Region$$Table)
    tempQueue                                0x20000000   Data           4  main.o(.data)
    pxCurrentTCB                             0x20000004   Data           4  tasks.o(.data)
    SystemCoreClock                          0x20000080   Data           4  system_stm32f4xx.o(.data)
    AHBPrescTable                            0x20000084   Data          16  system_stm32f4xx.o(.data)
    xQueueRegistry                           0x20000094   Data          64  queue.o(.bss)
    __libspace_start                         0x20005ad4   Data          96  libspace.o(.bss)
    __temporary_stack_top$libspace           0x20005b34   Data           0  libspace.o(.bss)



==============================================================================

Memory Map of the image

  Image Entry point : 0x08003b49

  Load Region LR_1 (Base: 0x08000000, Size: 0x0000583c, Max: 0xffffffff, ABSOLUTE)

    Execution Region ER_RO (Base: 0x08000000, Size: 0x000057a8, Max: 0xffffffff, ABSOLUTE)

    Base Addr    Size         Type   Attr      Idx    E Section Name        Object

    0x08000000   0x00000188   Data   RO         1060    RESET               startup_stm32f40_41xxx.o
    0x08000188   0x00000008   Code   RO         1127  * !!!main             c_w.l(__main.o)
    0x08000190   0x00000034   Code   RO         1364    !!!scatter          c_w.l(__scatter.o)
    0x080001c4   0x0000001a   Code   RO         1366    !!handler_copy      c_w.l(__scatter_copy.o)
    0x080001de   0x00000002   PAD
    0x080001e0   0x0000001c   Code   RO         1368    !!handler_zi        c_w.l(__scatter_zi.o)
    0x080001fc   0x00000000   Code   RO         1120    .ARM.Collect$$_printf_percent$$00000000  c_w.l(_printf_percent.o)
    0x080001fc   0x00000006   Code   RO         1119    .ARM.Collect$$_printf_percent$$00000003  c_w.l(_printf_f.o)
    0x08000202   0x00000004   Code   RO         1156    .ARM.Collect$$_printf_percent$$00000017  c_w.l(_printf_percent_end.o)
    0x08000206   0x00000002   Code   RO         1240    .ARM.Collect$$libinit$$00000000  c_w.l(libinit.o)
    0x08000208   0x00000004   Code   RO         1241    .ARM.Collect$$libinit$$00000001  c_w.l(libinit2.o)
    0x0800020c   0x00000000   Code   RO         1245    .ARM.Collect$$libinit$$00000008  c_w.l(libinit2.o)
    0x0800020c   0x00000000   Code   RO         1247    .ARM.Collect$$libinit$$0000000A  c_w.l(libinit2.o)
    0x0800020c   0x00000000   Code   RO         1249    .ARM.Collect$$libinit$$0000000C  c_w.l(libinit2.o)
    0x0800020c   0x00000006   Code   RO         1250    .ARM.Collect$$libinit$$0000000D  c_w.l(libinit2.o)
    0x08000212   0x00000000   Code   RO         1252    .ARM.Collect$$libinit$$0000000F  c_w.l(libinit2.o)
    0x08000212   0x00000000   Code   RO         1254    .ARM.Collect$$libinit$$00000011  c_w.l(libinit2.o)
    0x08000212   0x00000000   Code   RO         1256    .ARM.Collect$$libinit$$00000013  c_w.l(libinit2.o)
    0x08000212   0x0000000a   Code   RO         1257    .ARM.Collect$$libinit$$00000014  c_w.l(libinit2.o)
    0x0800021c   0x00000000   Code   RO         1258    .ARM.Collect$$libinit$$00000015  c_w.l(libinit2.o)
    0x0800021c   0x00000000   Code   RO         1260    .ARM.Collect$$libinit$$00000017  c_w.l(libinit2.o)
    0x0800021c   0x00000000   Code   RO         1262    .ARM.Collect$$libinit$$00000019  c_w.l(libinit2.o)
    0x0800021c   0x00000000   Code   RO         1264    .ARM.Collect$$libinit$$0000001B  c_w.l(libinit2.o)
    0x0800021c   0x00000000   Code   RO         1266    .ARM.Collect$$libinit$$0000001D  c_w.l(libinit2.o)
    0x0800021c   0x00000000   Code   RO         1268    .ARM.Collect$$libinit$$0000001F  c_w.l(libinit2.o)
    0x0800021c   0x00000000   Code   RO         1270    .ARM.Collect$$libinit$$00000021  c_w.l(libinit2.o)
    0x0800021c   0x00000000   Code   RO         1272    .ARM.Collect$$libinit$$00000023  c_w.l(libinit2.o)
    0x0800021c   0x00000000   Code   RO         1276    .ARM.Collect$$libinit$$0000002A  c_w.l(libinit2.o)
    0x0800021c   0x00000000   Code   RO         1278    .ARM.Collect$$libinit$$0000002C  c_w.l(libinit2.o)
    0x0800021c   0x00000000   Code   RO         1280    .ARM.Collect$$libinit$$0000002E  c_w.l(libinit2.o)
    0x0800021c   0x00000000   Code   RO         1282    .ARM.Collect$$libinit$$00000030  c_w.l(libinit2.o)
    0x0800021c   0x00000002   Code   RO         1283    .ARM.Collect$$libinit$$00000031  c_w.l(libinit2.o)
    0x0800021e   0x00000002   Code   RO         1313    .ARM.Collect$$libshutdown$$00000000  c_w.l(libshutdown.o)
    0x08000220   0x00000000   Code   RO         1325    .ARM.Collect$$libshutdown$$00000003  c_w.l(libshutdown2.o)
    0x08000220   0x00000000   Code   RO         1328    .ARM.Collect$$libshutdown$$00000006  c_w.l(libshutdown2.o)
    0x08000220   0x00000000   Code   RO         1331    .ARM.Collect$$libshutdown$$00000009  c_w.l(libshutdown2.o)
    0x08000220   0x00000000   Code   RO         1333    .ARM.Collect$$libshutdown$$0000000B  c_w.l(libshutdown2.o)
    0x08000220   0x00000000   Code   RO         1336    .ARM.Collect$$libshutdown$$0000000E  c_w.l(libshutdown2.o)
    0x08000220   0x00000002   Code   RO         1337    .ARM.Collect$$libshutdown$$0000000F  c_w.l(libshutdown2.o)
    0x08000222   0x00000000   Code   RO         1149    .ARM.Collect$$rtentry$$00000000  c_w.l(rtentry.o)
    0x08000222   0x00000000   Code   RO         1167    .ARM.Collect$$rtentry$$00000002  c_w.l(rtentry2.o)
    0x08000222   0x00000006   Code   RO         1179    .ARM.Collect$$rtentry$$00000004  c_w.l(rtentry4.o)
    0x08000228   0x00000000   Code   RO         1169    .ARM.Collect$$rtentry$$00000009  c_w.l(rtentry2.o)
    0x08000228   0x00000004   Code   RO         1170    .ARM.Collect$$rtentry$$0000000A  c_w.l(rtentry2.o)
    0x0800022c   0x00000000   Code   RO         1172    .ARM.Collect$$rtentry$$0000000C  c_w.l(rtentry2.o)
    0x0800022c   0x00000008   Code   RO         1173    .ARM.Collect$$rtentry$$0000000D  c_w.l(rtentry2.o)
    0x08000234   0x00000002   Code   RO         1284    .ARM.Collect$$rtexit$$00000000  c_w.l(rtexit.o)
    0x08000236   0x00000000   Code   RO         1291    .ARM.Collect$$rtexit$$00000002  c_w.l(rtexit2.o)
    0x08000236   0x00000004   Code   RO         1292    .ARM.Collect$$rtexit$$00000003  c_w.l(rtexit2.o)
    0x0800023a   0x00000006   Code   RO         1293    .ARM.Collect$$rtexit$$00000004  c_w.l(rtexit2.o)
    0x08000240   0x000000ca   Code   RO          346    .emb_text           port.o
    0x0800030a   0x00000002   PAD
    0x0800030c   0x0000016c   Code   RO            3    .text               main.o
    0x08000478   0x00000184   Code   RO          173    .text               temp.o
    0x080005fc   0x000000f4   Code   RO          193    .text               usart.o
    0x080006f0   0x00000094   Code   RO          267    .text               list.o
    0x08000784   0x000008cc   Code   RO          279    .text               queue.o
    0x08001050   0x000010c8   Code   RO          297    .text               tasks.o
    0x08002118   0x00000452   Code   RO          316    .text               timers.o
    0x0800256a   0x00000002   PAD
    0x0800256c   0x00000124   Code   RO          331    .text               heap_2.o
    0x08002690   0x00000220   Code   RO          347    .text               port.o
    0x080028b0   0x000000e4   Code   RO          366    .text               misc.o
    0x08002994   0x00000470   Code   RO          386    .text               stm32f4xx_adc.o
    0x08002e04   0x00000294   Code   RO          692    .text               stm32f4xx_gpio.o
    0x08003098   0x0000065c   Code   RO          855    .text               stm32f4xx_rcc.o
    0x080036f4   0x00000454   Code   RO         1020    .text               stm32f4xx_usart.o
    0x08003b48   0x00000040   Code   RO         1061  * .text               startup_stm32f40_41xxx.o
    0x08003b88   0x0000020c   Code   RO         1067    .text               system_stm32f4xx.o
    0x08003d94   0x00000028   Code   RO         1095    .text               c_w.l(noretval__2sprintf.o)
    0x08003dbc   0x00000068   Code   RO         1097    .text               c_w.l(__printf.o)
    0x08003e24   0x0000008a   Code   RO         1121    .text               c_w.l(rt_memcpy_v6.o)
    0x08003eae   0x00000010   Code   RO         1123    .text               c_w.l(aeabi_memset.o)
    0x08003ebe   0x00000006   Code   RO         1125    .text               c_w.l(heapauxi.o)
    0x08003ec4   0x00000420   Code   RO         1150    .text               c_w.l(_printf_fp_dec.o)
    0x080042e4   0x00000030   Code   RO         1152    .text               c_w.l(_printf_char_common.o)
    0x08004314   0x0000000a   Code   RO         1154    .text               c_w.l(_sputc.o)
    0x0800431e   0x00000064   Code   RO         1157    .text               c_w.l(rt_memcpy_w.o)
    0x08004382   0x00000044   Code   RO         1159    .text               c_w.l(rt_memclr.o)
    0x080043c6   0x00000002   PAD
    0x080043c8   0x00000008   Code   RO         1184    .text               c_w.l(rt_locale_intlibspace.o)
    0x080043d0   0x0000008a   Code   RO         1186    .text               c_w.l(lludiv10.o)
    0x0800445a   0x00000002   PAD
    0x0800445c   0x00000080   Code   RO         1188    .text               c_w.l(_printf_fp_infnan.o)
    0x080044dc   0x000000e4   Code   RO         1192    .text               c_w.l(bigflt0.o)
    0x080045c0   0x0000004e   Code   RO         1220    .text               c_w.l(rt_memclr_w.o)
    0x0800460e   0x00000002   PAD
    0x08004610   0x00000008   Code   RO         1226    .text               c_w.l(libspace.o)
    0x08004618   0x0000004a   Code   RO         1229    .text               c_w.l(sys_stackheap_outer.o)
    0x08004662   0x0000000c   Code   RO         1231    .text               c_w.l(exit.o)
    0x0800466e   0x00000002   PAD
    0x08004670   0x00000080   Code   RO         1233    .text               c_w.l(strcmpv7m.o)
    0x080046f0   0x0000000c   Code   RO         1303    .text               c_w.l(sys_exit.o)
    0x080046fc   0x00000002   Code   RO         1314    .text               c_w.l(use_no_semi.o)
    0x080046fe   0x00000000   Code   RO         1316    .text               c_w.l(indicate_semi.o)
    0x080046fe   0x0000003e   Code   RO         1195    CL$$btod_d2e        c_w.l(btod.o)
    0x0800473c   0x00000046   Code   RO         1197    CL$$btod_d2e_denorm_low  c_w.l(btod.o)
    0x08004782   0x00000060   Code   RO         1196    CL$$btod_d2e_norm_op1  c_w.l(btod.o)
    0x080047e2   0x00000338   Code   RO         1205    CL$$btod_div_common  c_w.l(btod.o)
    0x08004b1a   0x000000c6   Code   RO         1202    CL$$btod_e2e        c_w.l(btod.o)
    0x08004be0   0x00000028   Code   RO         1199    CL$$btod_ediv       c_w.l(btod.o)
    0x08004c08   0x00000028   Code   RO         1198    CL$$btod_emul       c_w.l(btod.o)
    0x08004c30   0x00000244   Code   RO         1204    CL$$btod_mult_common  c_w.l(btod.o)
    0x08004e74   0x00000030   Code   RO         1224    i.__ARM_fpclassify  m_wm.l(fpclassify.o)
    0x08004ea4   0x0000002c   Code   RO         1218    locale$$code        c_w.l(lc_numeric_c.o)
    0x08004ed0   0x00000150   Code   RO         1129    x$fpl$dadd          fz_wm.l(daddsub_clz.o)
    0x08005020   0x000002b0   Code   RO         1136    x$fpl$ddiv          fz_wm.l(ddiv.o)
    0x080052d0   0x00000026   Code   RO         1139    x$fpl$dfltu         fz_wm.l(dflt_clz.o)
    0x080052f6   0x00000002   PAD
    0x080052f8   0x00000154   Code   RO         1145    x$fpl$dmul          fz_wm.l(dmul.o)
    0x0800544c   0x0000009c   Code   RO         1161    x$fpl$dnaninf       fz_wm.l(dnaninf.o)
    0x080054e8   0x0000000c   Code   RO         1163    x$fpl$dretinf       fz_wm.l(dretinf.o)
    0x080054f4   0x000001d4   Code   RO         1131    x$fpl$dsub          fz_wm.l(daddsub_clz.o)
    0x080056c8   0x0000000a   Code   RO         1288    x$fpl$fpinit        fz_wm.l(fpinit.o)
    0x080056d2   0x00000004   Code   RO         1147    x$fpl$printf1       fz_wm.l(printf1.o)
    0x080056d6   0x00000000   Code   RO         1165    x$fpl$usenofp       fz_wm.l(usenofp.o)
    0x080056d6   0x00000002   PAD
    0x080056d8   0x00000094   Data   RO         1193    .constdata          c_w.l(bigflt0.o)
    0x0800576c   0x00000020   Data   RO         1362    Region$$Table       anon$$obj.o
    0x0800578c   0x0000001c   Data   RO         1217    locale$$data        c_w.l(lc_numeric_c.o)


    Execution Region ER_RW (Base: 0x20000000, Size: 0x00000094, Max: 0xffffffff, ABSOLUTE)

    Base Addr    Size         Type   Attr      Idx    E Section Name        Object

    0x20000000   0x00000004   Data   RW            4    .data               main.o
    0x20000004   0x00000038   Data   RW          299    .data               tasks.o
    0x2000003c   0x00000010   Data   RW          318    .data               timers.o
    0x2000004c   0x00000018   Data   RW          333    .data               heap_2.o
    0x20000064   0x0000000c   Data   RW          348    .data               port.o
    0x20000070   0x00000010   Data   RW          856    .data               stm32f4xx_rcc.o
    0x20000080   0x00000014   Data   RW         1068    .data               system_stm32f4xx.o


    Execution Region ER_ZI (Base: 0x20000094, Size: 0x000060a4, Max: 0xffffffff, ABSOLUTE)

    Base Addr    Size         Type   Attr      Idx    E Section Name        Object

    0x20000094   0x00000040   Zero   RW          280    .bss                queue.o
    0x200000d4   0x000000c8   Zero   RW          298    .bss                tasks.o
    0x2000019c   0x00000028   Zero   RW          317    .bss                timers.o
    0x200001c4   0x00005910   Zero   RW          332    .bss                heap_2.o
    0x20005ad4   0x00000060   Zero   RW         1227    .bss                c_w.l(libspace.o)
    0x20005b34   0x00000004   PAD
    0x20005b38   0x00000200   Zero   RW         1059    HEAP                startup_stm32f40_41xxx.o
    0x20005d38   0x00000400   Zero   RW         1058    STACK               startup_stm32f40_41xxx.o


==============================================================================

Image component sizes


      Code (inc. data)   RO Data    RW Data    ZI Data      Debug   Object Name

         0          0          0          0          0       3684   event_groups.o
       292         20          0         24      22800       3160   heap_2.o
       148          0          0          0          0       1870   list.o
       364         90          0          4          0     287108   main.o
       228         22          0          0          0       1957   misc.o
       746         48          0         12          0       5362   port.o
      2252          4          0          0         64      11363   queue.o
        64         26        392          0       1536        812   startup_stm32f40_41xxx.o
      1136         28          0          0          0      10626   stm32f4xx_adc.o
       660         44          0          0          0       4237   stm32f4xx_gpio.o
      1628         52          0         16          0      13036   stm32f4xx_rcc.o
      1108         34          0          0          0       7936   stm32f4xx_usart.o
       524         44          0         20          0       2027   system_stm32f4xx.o
      4296        244          0         56        200      17304   tasks.o
       388         52          0          0          0        835   temp.o
      1106         56          0         16         40       6128   timers.o
       244         10          0          0          0       1415   usart.o

    ----------------------------------------------------------------------
     15188        774        424        148      24640     378860   Object Totals
         0          0         32          0          0          0   (incl. Generated)
         4          0          0          0          0          0   (incl. Padding)

    ----------------------------------------------------------------------

      Code (inc. data)   RO Data    RW Data    ZI Data      Debug   Library Member Name

         8          0          0          0          0         68   __main.o
       104          0          0          0          0         84   __printf.o
        52          8          0          0          0          0   __scatter.o
        26          0          0          0          0          0   __scatter_copy.o
        28          0          0          0          0          0   __scatter_zi.o
        48          6          0          0          0         96   _printf_char_common.o
         6          0          0          0          0          0   _printf_f.o
      1056          0          0          0          0        216   _printf_fp_dec.o
       128         16          0          0          0         84   _printf_fp_infnan.o
         0          0          0          0          0          0   _printf_percent.o
         4          0          0          0          0          0   _printf_percent_end.o
        10          0          0          0          0         68   _sputc.o
        16          0          0          0          0         68   aeabi_memset.o
       228          6        148          0          0         96   bigflt0.o
      1910        128          0          0          0        672   btod.o
        12          0          0          0          0         72   exit.o
         6          0          0          0          0        152   heapauxi.o
         0          0          0          0          0          0   indicate_semi.o
        44         10         28          0          0         76   lc_numeric_c.o
         2          0          0          0          0          0   libinit.o
        22          0          0          0          0          0   libinit2.o
         2          0          0          0          0          0   libshutdown.o
         2          0          0          0          0          0   libshutdown2.o
         8          4          0          0         96         68   libspace.o
       138          0          0          0          0         80   lludiv10.o
        40          6          0          0          0         84   noretval__2sprintf.o
         8          4          0          0          0         68   rt_locale_intlibspace.o
        68          0          0          0          0         68   rt_memclr.o
        78          0          0          0          0         80   rt_memclr_w.o
       138          0          0          0          0         68   rt_memcpy_v6.o
       100          0          0          0          0         80   rt_memcpy_w.o
         0          0          0          0          0          0   rtentry.o
        12          0          0          0          0          0   rtentry2.o
         6          0          0          0          0          0   rtentry4.o
         2          0          0          0          0          0   rtexit.o
        10          0          0          0          0          0   rtexit2.o
       128          0          0          0          0         68   strcmpv7m.o
        12          4          0          0          0         68   sys_exit.o
        74          0          0          0          0         80   sys_stackheap_outer.o
         2          0          0          0          0         68   use_no_semi.o
       804         16          0          0          0        368   daddsub_clz.o
       688        140          0          0          0        256   ddiv.o
        38          0          0          0          0        116   dflt_clz.o
       340         12          0          0          0        152   dmul.o
       156          4          0          0          0        140   dnaninf.o
        12          0          0          0          0        116   dretinf.o
        10          0          0          0          0        116   fpinit.o
         4          0          0          0          0        116   printf1.o
         0          0          0          0          0          0   usenofp.o
        48          0          0          0          0        124   fpclassify.o

    ----------------------------------------------------------------------
      6652        364        176          0        100       4136   Library Totals
        14          0          0          0          4          0   (incl. Padding)

    ----------------------------------------------------------------------

      Code (inc. data)   RO Data    RW Data    ZI Data      Debug   Library Name

      4538        192        176          0         96       2632   c_w.l
      2052        172          0          0          0       1380   fz_wm.l
        48          0          0          0          0        124   m_wm.l

    ----------------------------------------------------------------------
      6652        364        176          0        100       4136   Library Totals

    ----------------------------------------------------------------------

==============================================================================


      Code (inc. data)   RO Data    RW Data    ZI Data      Debug   

     21840       1138        600        148      24740     376636   Grand Totals
     21840       1138        600        148      24740     376636   ELF Image Totals
     21840       1138        600        148          0          0   ROM Totals

==============================================================================

    Total RO  Size (Code + RO Data)                22440 (  21.91kB)
    Total RW  Size (RW Data + ZI Data)             24888 (  24.30kB)
    Total ROM Size (Code + RO Data + RW Data)      22588 (  22.06kB)

==============================================================================

